Archive member included because of file (symbol)

/Applications/Simplicity Studio.app/Contents/Eclipse/developer/toolchains/gnu_arm/4.9_2015q3/bin/../lib/gcc/arm-none-eabi/4.9.3/armv7e-m/softfp/libgcc.a(_aeabi_uldivmod.o)
                              ./emlib/em_usart.o (__aeabi_uldivmod)
/Applications/Simplicity Studio.app/Contents/Eclipse/developer/toolchains/gnu_arm/4.9_2015q3/bin/../lib/gcc/arm-none-eabi/4.9.3/armv7e-m/softfp/libgcc.a(bpabi.o)
                              /Applications/Simplicity Studio.app/Contents/Eclipse/developer/toolchains/gnu_arm/4.9_2015q3/bin/../lib/gcc/arm-none-eabi/4.9.3/armv7e-m/softfp/libgcc.a(_aeabi_uldivmod.o) (__gnu_uldivmod_helper)
/Applications/Simplicity Studio.app/Contents/Eclipse/developer/toolchains/gnu_arm/4.9_2015q3/bin/../lib/gcc/arm-none-eabi/4.9.3/armv7e-m/softfp/libgcc.a(_dvmd_tls.o)
                              /Applications/Simplicity Studio.app/Contents/Eclipse/developer/toolchains/gnu_arm/4.9_2015q3/bin/../lib/gcc/arm-none-eabi/4.9.3/armv7e-m/softfp/libgcc.a(_aeabi_uldivmod.o) (__aeabi_ldiv0)
/Applications/Simplicity Studio.app/Contents/Eclipse/developer/toolchains/gnu_arm/4.9_2015q3/bin/../lib/gcc/arm-none-eabi/4.9.3/armv7e-m/softfp/libgcc.a(_divdi3.o)
                              /Applications/Simplicity Studio.app/Contents/Eclipse/developer/toolchains/gnu_arm/4.9_2015q3/bin/../lib/gcc/arm-none-eabi/4.9.3/armv7e-m/softfp/libgcc.a(bpabi.o) (__divdi3)
/Applications/Simplicity Studio.app/Contents/Eclipse/developer/toolchains/gnu_arm/4.9_2015q3/bin/../lib/gcc/arm-none-eabi/4.9.3/armv7e-m/softfp/libgcc.a(_udivdi3.o)
                              /Applications/Simplicity Studio.app/Contents/Eclipse/developer/toolchains/gnu_arm/4.9_2015q3/bin/../lib/gcc/arm-none-eabi/4.9.3/armv7e-m/softfp/libgcc.a(bpabi.o) (__udivdi3)
/Applications/Simplicity Studio.app/Contents/Eclipse/developer/toolchains/gnu_arm/4.9_2015q3/bin/../lib/gcc/arm-none-eabi/4.9.3/../../../../arm-none-eabi/lib/armv7e-m/softfp/libc_nano.a(lib_a-exit.o)
                              /Applications/Simplicity Studio.app/Contents/Eclipse/developer/toolchains/gnu_arm/4.9_2015q3/bin/../lib/gcc/arm-none-eabi/4.9.3/../../../../arm-none-eabi/lib/armv7e-m/softfp/crt0.o (exit)
/Applications/Simplicity Studio.app/Contents/Eclipse/developer/toolchains/gnu_arm/4.9_2015q3/bin/../lib/gcc/arm-none-eabi/4.9.3/../../../../arm-none-eabi/lib/armv7e-m/softfp/libc_nano.a(lib_a-impure.o)
                              /Applications/Simplicity Studio.app/Contents/Eclipse/developer/toolchains/gnu_arm/4.9_2015q3/bin/../lib/gcc/arm-none-eabi/4.9.3/../../../../arm-none-eabi/lib/armv7e-m/softfp/libc_nano.a(lib_a-exit.o) (_global_impure_ptr)
/Applications/Simplicity Studio.app/Contents/Eclipse/developer/toolchains/gnu_arm/4.9_2015q3/bin/../lib/gcc/arm-none-eabi/4.9.3/../../../../arm-none-eabi/lib/armv7e-m/softfp/libc_nano.a(lib_a-init.o)
                              /Applications/Simplicity Studio.app/Contents/Eclipse/developer/toolchains/gnu_arm/4.9_2015q3/bin/../lib/gcc/arm-none-eabi/4.9.3/../../../../arm-none-eabi/lib/armv7e-m/softfp/crt0.o (__libc_init_array)
/Applications/Simplicity Studio.app/Contents/Eclipse/developer/toolchains/gnu_arm/4.9_2015q3/bin/../lib/gcc/arm-none-eabi/4.9.3/../../../../arm-none-eabi/lib/armv7e-m/softfp/libc_nano.a(lib_a-memset.o)
                              /Applications/Simplicity Studio.app/Contents/Eclipse/developer/toolchains/gnu_arm/4.9_2015q3/bin/../lib/gcc/arm-none-eabi/4.9.3/../../../../arm-none-eabi/lib/armv7e-m/softfp/crt0.o (memset)

Allocating common symbols
Common symbol       size              file

msTicks             0x4               ./src/main.o

Discarded input sections

 .text          0x0000000000000000        0x0 /Applications/Simplicity Studio.app/Contents/Eclipse/developer/toolchains/gnu_arm/4.9_2015q3/bin/../lib/gcc/arm-none-eabi/4.9.3/armv7e-m/softfp/crti.o
 .data          0x0000000000000000        0x0 /Applications/Simplicity Studio.app/Contents/Eclipse/developer/toolchains/gnu_arm/4.9_2015q3/bin/../lib/gcc/arm-none-eabi/4.9.3/armv7e-m/softfp/crti.o
 .bss           0x0000000000000000        0x0 /Applications/Simplicity Studio.app/Contents/Eclipse/developer/toolchains/gnu_arm/4.9_2015q3/bin/../lib/gcc/arm-none-eabi/4.9.3/armv7e-m/softfp/crti.o
 .data          0x0000000000000000        0x4 /Applications/Simplicity Studio.app/Contents/Eclipse/developer/toolchains/gnu_arm/4.9_2015q3/bin/../lib/gcc/arm-none-eabi/4.9.3/armv7e-m/softfp/crtbegin.o
 .data          0x0000000000000000        0x0 /Applications/Simplicity Studio.app/Contents/Eclipse/developer/toolchains/gnu_arm/4.9_2015q3/bin/../lib/gcc/arm-none-eabi/4.9.3/../../../../arm-none-eabi/lib/armv7e-m/softfp/crt0.o
 .bss           0x0000000000000000        0x0 /Applications/Simplicity Studio.app/Contents/Eclipse/developer/toolchains/gnu_arm/4.9_2015q3/bin/../lib/gcc/arm-none-eabi/4.9.3/../../../../arm-none-eabi/lib/armv7e-m/softfp/crt0.o
 .ARM.extab     0x0000000000000000        0x0 /Applications/Simplicity Studio.app/Contents/Eclipse/developer/toolchains/gnu_arm/4.9_2015q3/bin/../lib/gcc/arm-none-eabi/4.9.3/../../../../arm-none-eabi/lib/armv7e-m/softfp/crt0.o
 .data          0x0000000000000000        0x0 ./CMSIS/EFM32PG1B/startup_efm32pg1b.o
 .bss           0x0000000000000000        0x0 ./CMSIS/EFM32PG1B/startup_efm32pg1b.o
 .text          0x0000000000000000        0x0 ./CMSIS/EFM32PG1B/system_efm32pg1b.o
 .data          0x0000000000000000        0x0 ./CMSIS/EFM32PG1B/system_efm32pg1b.o
 .bss           0x0000000000000000        0x0 ./CMSIS/EFM32PG1B/system_efm32pg1b.o
 .text.SystemMaxCoreClockGet
                0x0000000000000000       0x14 ./CMSIS/EFM32PG1B/system_efm32pg1b.o
 .text.SystemHFXOClockSet
                0x0000000000000000       0x30 ./CMSIS/EFM32PG1B/system_efm32pg1b.o
 .text.SystemLFXOClockSet
                0x0000000000000000       0x30 ./CMSIS/EFM32PG1B/system_efm32pg1b.o
 .text          0x0000000000000000        0x0 ./emlib/em_cmu.o
 .data          0x0000000000000000        0x0 ./emlib/em_cmu.o
 .bss           0x0000000000000000        0x0 ./emlib/em_cmu.o
 .text.BUS_RegBitRead
                0x0000000000000000       0x2c ./emlib/em_cmu.o
 .text.BUS_RegMaskedSet
                0x0000000000000000       0x24 ./emlib/em_cmu.o
 .text.BUS_RegMaskedClear
                0x0000000000000000       0x24 ./emlib/em_cmu.o
 .text.BUS_RegMaskedWrite
                0x0000000000000000       0x24 ./emlib/em_cmu.o
 .text.CMU_PrescToLog2
                0x0000000000000000       0x28 ./emlib/em_cmu.o
 .text.setHfLeConfig
                0x0000000000000000       0x64 ./emlib/em_cmu.o
 .text.flashWaitStateControl
                0x0000000000000000       0x5c ./emlib/em_cmu.o
 .text.flashWaitStateMax
                0x0000000000000000       0x40 ./emlib/em_cmu.o
 .text.CMU_UpdateWaitStates
                0x0000000000000000       0x40 ./emlib/em_cmu.o
 .text.getRegIshUpperVal
                0x0000000000000000       0x38 ./emlib/em_cmu.o
 .text.getHfxoTuningMode
                0x0000000000000000       0x1c ./emlib/em_cmu.o
 .text.setHfxoTuningMode
                0x0000000000000000       0x28 ./emlib/em_cmu.o
 .text.CMU_AUXHFRCODevinfoGet
                0x0000000000000000       0xdc ./emlib/em_cmu.o
 .text.CMU_AUXHFRCOBandGet
                0x0000000000000000       0x18 ./emlib/em_cmu.o
 .text.CMU_AUXHFRCOBandSet
                0x0000000000000000       0x98 ./emlib/em_cmu.o
 .text.CMU_Calibrate
                0x0000000000000000       0x88 ./emlib/em_cmu.o
 .text.CMU_CalibrateConfig
                0x0000000000000000       0xd8 ./emlib/em_cmu.o
 .text.CMU_CalibrateCountGet
                0x0000000000000000       0x38 ./emlib/em_cmu.o
 .text.CMU_ClockDivGet
                0x0000000000000000       0x1c ./emlib/em_cmu.o
 .text.CMU_ClockDivSet
                0x0000000000000000       0x1c ./emlib/em_cmu.o
 .text.CMU_ClockPrescGet
                0x0000000000000000      0x120 ./emlib/em_cmu.o
 .text.CMU_ClockPrescSet
                0x0000000000000000      0x1e0 ./emlib/em_cmu.o
 .text.CMU_ClockSelectSet
                0x0000000000000000      0x260 ./emlib/em_cmu.o
 .text.CMU_FreezeEnable
                0x0000000000000000       0x3c ./emlib/em_cmu.o
 .text.CMU_HFRCODevinfoGet
                0x0000000000000000       0xdc ./emlib/em_cmu.o
 .text.CMU_HFRCOBandGet
                0x0000000000000000       0x18 ./emlib/em_cmu.o
 .text.CMU_HFRCOBandSet
                0x0000000000000000       0xec ./emlib/em_cmu.o
 .text.CMU_HFXOAutostartEnable
                0x0000000000000000       0x7c ./emlib/em_cmu.o
 .text.CMU_HFXOInit
                0x0000000000000000       0xf4 ./emlib/em_cmu.o
 .text.CMU_LCDClkFDIVGet
                0x0000000000000000       0x10 ./emlib/em_cmu.o
 .text.CMU_LCDClkFDIVSet
                0x0000000000000000       0x14 ./emlib/em_cmu.o
 .text.CMU_LFXOInit
                0x0000000000000000       0x50 ./emlib/em_cmu.o
 .text.CMU_OscillatorEnable
                0x0000000000000000      0x174 ./emlib/em_cmu.o
 .text.CMU_OscillatorTuningGet
                0x0000000000000000       0x74 ./emlib/em_cmu.o
 .text.CMU_OscillatorTuningSet
                0x0000000000000000      0x100 ./emlib/em_cmu.o
 .text.CMU_OscillatorTuningWait
                0x0000000000000000       0x94 ./emlib/em_cmu.o
 .text.CMU_OscillatorTuningOptimize
                0x0000000000000000       0x58 ./emlib/em_cmu.o
 .text.CMU_PCNTClockExternalGet
                0x0000000000000000       0x40 ./emlib/em_cmu.o
 .text.CMU_PCNTClockExternalSet
                0x0000000000000000       0x34 ./emlib/em_cmu.o
 .text          0x0000000000000000        0x0 ./emlib/em_gpio.o
 .data          0x0000000000000000        0x0 ./emlib/em_gpio.o
 .bss           0x0000000000000000        0x0 ./emlib/em_gpio.o
 .text.BUS_RegBitWrite
                0x0000000000000000       0x2c ./emlib/em_gpio.o
 .text.BUS_RegMaskedWrite
                0x0000000000000000       0x24 ./emlib/em_gpio.o
 .text.GPIO_EM4SetPinRetention
                0x0000000000000000       0x3c ./emlib/em_gpio.o
 .text.GPIO_IntClear
                0x0000000000000000       0x20 ./emlib/em_gpio.o
 .text.GPIO_DbgLocationSet
                0x0000000000000000       0x2c ./emlib/em_gpio.o
 .text.GPIO_DriveStrengthSet
                0x0000000000000000       0x60 ./emlib/em_gpio.o
 .text.GPIO_ExtIntConfig
                0x0000000000000000      0x124 ./emlib/em_gpio.o
 .text.GPIO_PinModeGet
                0x0000000000000000       0x8c ./emlib/em_gpio.o
 .text.GPIO_EM4EnablePinWakeup
                0x0000000000000000       0x58 ./emlib/em_gpio.o
 .text          0x0000000000000000        0x0 ./emlib/em_system.o
 .data          0x0000000000000000        0x0 ./emlib/em_system.o
 .bss           0x0000000000000000        0x0 ./emlib/em_system.o
 .text.SYSTEM_GetCalibrationValue
                0x0000000000000000       0x4c ./emlib/em_system.o
 .text          0x0000000000000000        0x0 ./emlib/em_usart.o
 .data          0x0000000000000000        0x0 ./emlib/em_usart.o
 .bss           0x0000000000000000        0x0 ./emlib/em_usart.o
 .text.USART_BaudrateAsyncSet
                0x0000000000000000       0xb0 ./emlib/em_usart.o
 .text.USART_BaudrateCalc
                0x0000000000000000      0x124 ./emlib/em_usart.o
 .text.USART_BaudrateGet
                0x0000000000000000       0x50 ./emlib/em_usart.o
 .text.USART_InitAsync
                0x0000000000000000       0xd8 ./emlib/em_usart.o
 .text.USARTn_InitIrDA
                0x0000000000000000       0x98 ./emlib/em_usart.o
 .text.USART_InitI2s
                0x0000000000000000       0x7c ./emlib/em_usart.o
 .text.USART_InitPrsTrigger
                0x0000000000000000       0x64 ./emlib/em_usart.o
 .text.USART_Rx
                0x0000000000000000       0x28 ./emlib/em_usart.o
 .text.USART_RxDouble
                0x0000000000000000       0x28 ./emlib/em_usart.o
 .text.USART_RxDoubleExt
                0x0000000000000000       0x28 ./emlib/em_usart.o
 .text.USART_RxExt
                0x0000000000000000       0x28 ./emlib/em_usart.o
 .text.USART_SpiTransfer
                0x0000000000000000       0x40 ./emlib/em_usart.o
 .text.USART_TxDouble
                0x0000000000000000       0x2c ./emlib/em_usart.o
 .text.USART_TxDoubleExt
                0x0000000000000000       0x28 ./emlib/em_usart.o
 .text.USART_TxExt
                0x0000000000000000       0x2c ./emlib/em_usart.o
 .text          0x0000000000000000        0x0 ./src/main.o
 .data          0x0000000000000000        0x0 ./src/main.o
 .bss           0x0000000000000000        0x0 ./src/main.o
 .data.TxBuffer
                0x0000000000000000        0xa ./src/main.o
 .bss.RxBuffer  0x0000000000000000        0xa ./src/main.o
 .text.Delay    0x0000000000000000       0x2c ./src/main.o
 .text.spi_illuminate
                0x0000000000000000       0xb8 ./src/main.o
 .text          0x0000000000000000        0x0 ./src/retargetio.o
 .data          0x0000000000000000        0x0 ./src/retargetio.o
 .bss           0x0000000000000000        0x0 ./src/retargetio.o
 .text._close   0x0000000000000000       0x18 ./src/retargetio.o
 .text._fstat   0x0000000000000000       0x20 ./src/retargetio.o
 .text._getpid  0x0000000000000000       0x10 ./src/retargetio.o
 .text._isatty  0x0000000000000000       0x18 ./src/retargetio.o
 .text._kill    0x0000000000000000       0x1c ./src/retargetio.o
 .text._lseek   0x0000000000000000       0x1c ./src/retargetio.o
 .text._read    0x0000000000000000       0x58 ./src/retargetio.o
 .text._sbrk    0x0000000000000000       0x40 ./src/retargetio.o
 .text._write   0x0000000000000000       0x38 ./src/retargetio.o
 .bss.heap_end.6595
                0x0000000000000000        0x4 ./src/retargetio.o
 .text          0x0000000000000000        0x0 ./src/retargetswo.o
 .data          0x0000000000000000        0x0 ./src/retargetswo.o
 .bss           0x0000000000000000        0x0 ./src/retargetswo.o
 .text.ITM_SendChar
                0x0000000000000000       0x50 ./src/retargetswo.o
 .text.RETARGET_WriteChar
                0x0000000000000000       0x1c ./src/retargetswo.o
 .text.RETARGET_ReadChar
                0x0000000000000000       0x10 ./src/retargetswo.o
 .text.RETARGET_SwoInit
                0x0000000000000000        0xc ./src/retargetswo.o
 .debug_info    0x0000000000000000      0x3fb ./src/retargetswo.o
 .debug_abbrev  0x0000000000000000      0x167 ./src/retargetswo.o
 .debug_loc     0x0000000000000000      0x11c ./src/retargetswo.o
 .debug_aranges
                0x0000000000000000       0x38 ./src/retargetswo.o
 .debug_ranges  0x0000000000000000       0x28 ./src/retargetswo.o
 .debug_line    0x0000000000000000      0x2a8 ./src/retargetswo.o
 .debug_str     0x0000000000000000      0x33e ./src/retargetswo.o
 .comment       0x0000000000000000       0x71 ./src/retargetswo.o
 .debug_frame   0x0000000000000000       0x98 ./src/retargetswo.o
 .ARM.attributes
                0x0000000000000000       0x37 ./src/retargetswo.o
 .text          0x0000000000000000       0x30 /Applications/Simplicity Studio.app/Contents/Eclipse/developer/toolchains/gnu_arm/4.9_2015q3/bin/../lib/gcc/arm-none-eabi/4.9.3/armv7e-m/softfp/libgcc.a(_aeabi_uldivmod.o)
 .data          0x0000000000000000        0x0 /Applications/Simplicity Studio.app/Contents/Eclipse/developer/toolchains/gnu_arm/4.9_2015q3/bin/../lib/gcc/arm-none-eabi/4.9.3/armv7e-m/softfp/libgcc.a(_aeabi_uldivmod.o)
 .bss           0x0000000000000000        0x0 /Applications/Simplicity Studio.app/Contents/Eclipse/developer/toolchains/gnu_arm/4.9_2015q3/bin/../lib/gcc/arm-none-eabi/4.9.3/armv7e-m/softfp/libgcc.a(_aeabi_uldivmod.o)
 .debug_frame   0x0000000000000000       0x28 /Applications/Simplicity Studio.app/Contents/Eclipse/developer/toolchains/gnu_arm/4.9_2015q3/bin/../lib/gcc/arm-none-eabi/4.9.3/armv7e-m/softfp/libgcc.a(_aeabi_uldivmod.o)
 .ARM.attributes
                0x0000000000000000       0x22 /Applications/Simplicity Studio.app/Contents/Eclipse/developer/toolchains/gnu_arm/4.9_2015q3/bin/../lib/gcc/arm-none-eabi/4.9.3/armv7e-m/softfp/libgcc.a(_aeabi_uldivmod.o)
 .text          0x0000000000000000       0x60 /Applications/Simplicity Studio.app/Contents/Eclipse/developer/toolchains/gnu_arm/4.9_2015q3/bin/../lib/gcc/arm-none-eabi/4.9.3/armv7e-m/softfp/libgcc.a(bpabi.o)
 .data          0x0000000000000000        0x0 /Applications/Simplicity Studio.app/Contents/Eclipse/developer/toolchains/gnu_arm/4.9_2015q3/bin/../lib/gcc/arm-none-eabi/4.9.3/armv7e-m/softfp/libgcc.a(bpabi.o)
 .bss           0x0000000000000000        0x0 /Applications/Simplicity Studio.app/Contents/Eclipse/developer/toolchains/gnu_arm/4.9_2015q3/bin/../lib/gcc/arm-none-eabi/4.9.3/armv7e-m/softfp/libgcc.a(bpabi.o)
 .debug_frame   0x0000000000000000       0x50 /Applications/Simplicity Studio.app/Contents/Eclipse/developer/toolchains/gnu_arm/4.9_2015q3/bin/../lib/gcc/arm-none-eabi/4.9.3/armv7e-m/softfp/libgcc.a(bpabi.o)
 .ARM.attributes
                0x0000000000000000       0x32 /Applications/Simplicity Studio.app/Contents/Eclipse/developer/toolchains/gnu_arm/4.9_2015q3/bin/../lib/gcc/arm-none-eabi/4.9.3/armv7e-m/softfp/libgcc.a(bpabi.o)
 .text          0x0000000000000000        0x4 /Applications/Simplicity Studio.app/Contents/Eclipse/developer/toolchains/gnu_arm/4.9_2015q3/bin/../lib/gcc/arm-none-eabi/4.9.3/armv7e-m/softfp/libgcc.a(_dvmd_tls.o)
 .data          0x0000000000000000        0x0 /Applications/Simplicity Studio.app/Contents/Eclipse/developer/toolchains/gnu_arm/4.9_2015q3/bin/../lib/gcc/arm-none-eabi/4.9.3/armv7e-m/softfp/libgcc.a(_dvmd_tls.o)
 .bss           0x0000000000000000        0x0 /Applications/Simplicity Studio.app/Contents/Eclipse/developer/toolchains/gnu_arm/4.9_2015q3/bin/../lib/gcc/arm-none-eabi/4.9.3/armv7e-m/softfp/libgcc.a(_dvmd_tls.o)
 .ARM.attributes
                0x0000000000000000       0x22 /Applications/Simplicity Studio.app/Contents/Eclipse/developer/toolchains/gnu_arm/4.9_2015q3/bin/../lib/gcc/arm-none-eabi/4.9.3/armv7e-m/softfp/libgcc.a(_dvmd_tls.o)
 .text          0x0000000000000000      0x29c /Applications/Simplicity Studio.app/Contents/Eclipse/developer/toolchains/gnu_arm/4.9_2015q3/bin/../lib/gcc/arm-none-eabi/4.9.3/armv7e-m/softfp/libgcc.a(_divdi3.o)
 .data          0x0000000000000000        0x0 /Applications/Simplicity Studio.app/Contents/Eclipse/developer/toolchains/gnu_arm/4.9_2015q3/bin/../lib/gcc/arm-none-eabi/4.9.3/armv7e-m/softfp/libgcc.a(_divdi3.o)
 .bss           0x0000000000000000        0x0 /Applications/Simplicity Studio.app/Contents/Eclipse/developer/toolchains/gnu_arm/4.9_2015q3/bin/../lib/gcc/arm-none-eabi/4.9.3/armv7e-m/softfp/libgcc.a(_divdi3.o)
 .ARM.extab     0x0000000000000000        0x0 /Applications/Simplicity Studio.app/Contents/Eclipse/developer/toolchains/gnu_arm/4.9_2015q3/bin/../lib/gcc/arm-none-eabi/4.9.3/armv7e-m/softfp/libgcc.a(_divdi3.o)
 .ARM.exidx     0x0000000000000000        0x8 /Applications/Simplicity Studio.app/Contents/Eclipse/developer/toolchains/gnu_arm/4.9_2015q3/bin/../lib/gcc/arm-none-eabi/4.9.3/armv7e-m/softfp/libgcc.a(_divdi3.o)
 .debug_frame   0x0000000000000000       0x34 /Applications/Simplicity Studio.app/Contents/Eclipse/developer/toolchains/gnu_arm/4.9_2015q3/bin/../lib/gcc/arm-none-eabi/4.9.3/armv7e-m/softfp/libgcc.a(_divdi3.o)
 .ARM.attributes
                0x0000000000000000       0x32 /Applications/Simplicity Studio.app/Contents/Eclipse/developer/toolchains/gnu_arm/4.9_2015q3/bin/../lib/gcc/arm-none-eabi/4.9.3/armv7e-m/softfp/libgcc.a(_divdi3.o)
 .text          0x0000000000000000      0x26c /Applications/Simplicity Studio.app/Contents/Eclipse/developer/toolchains/gnu_arm/4.9_2015q3/bin/../lib/gcc/arm-none-eabi/4.9.3/armv7e-m/softfp/libgcc.a(_udivdi3.o)
 .data          0x0000000000000000        0x0 /Applications/Simplicity Studio.app/Contents/Eclipse/developer/toolchains/gnu_arm/4.9_2015q3/bin/../lib/gcc/arm-none-eabi/4.9.3/armv7e-m/softfp/libgcc.a(_udivdi3.o)
 .bss           0x0000000000000000        0x0 /Applications/Simplicity Studio.app/Contents/Eclipse/developer/toolchains/gnu_arm/4.9_2015q3/bin/../lib/gcc/arm-none-eabi/4.9.3/armv7e-m/softfp/libgcc.a(_udivdi3.o)
 .ARM.extab     0x0000000000000000        0x0 /Applications/Simplicity Studio.app/Contents/Eclipse/developer/toolchains/gnu_arm/4.9_2015q3/bin/../lib/gcc/arm-none-eabi/4.9.3/armv7e-m/softfp/libgcc.a(_udivdi3.o)
 .ARM.exidx     0x0000000000000000        0x8 /Applications/Simplicity Studio.app/Contents/Eclipse/developer/toolchains/gnu_arm/4.9_2015q3/bin/../lib/gcc/arm-none-eabi/4.9.3/armv7e-m/softfp/libgcc.a(_udivdi3.o)
 .debug_frame   0x0000000000000000       0x30 /Applications/Simplicity Studio.app/Contents/Eclipse/developer/toolchains/gnu_arm/4.9_2015q3/bin/../lib/gcc/arm-none-eabi/4.9.3/armv7e-m/softfp/libgcc.a(_udivdi3.o)
 .ARM.attributes
                0x0000000000000000       0x32 /Applications/Simplicity Studio.app/Contents/Eclipse/developer/toolchains/gnu_arm/4.9_2015q3/bin/../lib/gcc/arm-none-eabi/4.9.3/armv7e-m/softfp/libgcc.a(_udivdi3.o)
 .text          0x0000000000000000        0x0 /Applications/Simplicity Studio.app/Contents/Eclipse/developer/toolchains/gnu_arm/4.9_2015q3/bin/../lib/gcc/arm-none-eabi/4.9.3/../../../../arm-none-eabi/lib/armv7e-m/softfp/libc_nano.a(lib_a-exit.o)
 .data          0x0000000000000000        0x0 /Applications/Simplicity Studio.app/Contents/Eclipse/developer/toolchains/gnu_arm/4.9_2015q3/bin/../lib/gcc/arm-none-eabi/4.9.3/../../../../arm-none-eabi/lib/armv7e-m/softfp/libc_nano.a(lib_a-exit.o)
 .bss           0x0000000000000000        0x0 /Applications/Simplicity Studio.app/Contents/Eclipse/developer/toolchains/gnu_arm/4.9_2015q3/bin/../lib/gcc/arm-none-eabi/4.9.3/../../../../arm-none-eabi/lib/armv7e-m/softfp/libc_nano.a(lib_a-exit.o)
 .text          0x0000000000000000        0x0 /Applications/Simplicity Studio.app/Contents/Eclipse/developer/toolchains/gnu_arm/4.9_2015q3/bin/../lib/gcc/arm-none-eabi/4.9.3/../../../../arm-none-eabi/lib/armv7e-m/softfp/libc_nano.a(lib_a-impure.o)
 .data          0x0000000000000000        0x0 /Applications/Simplicity Studio.app/Contents/Eclipse/developer/toolchains/gnu_arm/4.9_2015q3/bin/../lib/gcc/arm-none-eabi/4.9.3/../../../../arm-none-eabi/lib/armv7e-m/softfp/libc_nano.a(lib_a-impure.o)
 .bss           0x0000000000000000        0x0 /Applications/Simplicity Studio.app/Contents/Eclipse/developer/toolchains/gnu_arm/4.9_2015q3/bin/../lib/gcc/arm-none-eabi/4.9.3/../../../../arm-none-eabi/lib/armv7e-m/softfp/libc_nano.a(lib_a-impure.o)
 .data._impure_ptr
                0x0000000000000000        0x4 /Applications/Simplicity Studio.app/Contents/Eclipse/developer/toolchains/gnu_arm/4.9_2015q3/bin/../lib/gcc/arm-none-eabi/4.9.3/../../../../arm-none-eabi/lib/armv7e-m/softfp/libc_nano.a(lib_a-impure.o)
 .text          0x0000000000000000        0x0 /Applications/Simplicity Studio.app/Contents/Eclipse/developer/toolchains/gnu_arm/4.9_2015q3/bin/../lib/gcc/arm-none-eabi/4.9.3/../../../../arm-none-eabi/lib/armv7e-m/softfp/libc_nano.a(lib_a-init.o)
 .data          0x0000000000000000        0x0 /Applications/Simplicity Studio.app/Contents/Eclipse/developer/toolchains/gnu_arm/4.9_2015q3/bin/../lib/gcc/arm-none-eabi/4.9.3/../../../../arm-none-eabi/lib/armv7e-m/softfp/libc_nano.a(lib_a-init.o)
 .bss           0x0000000000000000        0x0 /Applications/Simplicity Studio.app/Contents/Eclipse/developer/toolchains/gnu_arm/4.9_2015q3/bin/../lib/gcc/arm-none-eabi/4.9.3/../../../../arm-none-eabi/lib/armv7e-m/softfp/libc_nano.a(lib_a-init.o)
 .text          0x0000000000000000        0x0 /Applications/Simplicity Studio.app/Contents/Eclipse/developer/toolchains/gnu_arm/4.9_2015q3/bin/../lib/gcc/arm-none-eabi/4.9.3/../../../../arm-none-eabi/lib/armv7e-m/softfp/libc_nano.a(lib_a-memset.o)
 .data          0x0000000000000000        0x0 /Applications/Simplicity Studio.app/Contents/Eclipse/developer/toolchains/gnu_arm/4.9_2015q3/bin/../lib/gcc/arm-none-eabi/4.9.3/../../../../arm-none-eabi/lib/armv7e-m/softfp/libc_nano.a(lib_a-memset.o)
 .bss           0x0000000000000000        0x0 /Applications/Simplicity Studio.app/Contents/Eclipse/developer/toolchains/gnu_arm/4.9_2015q3/bin/../lib/gcc/arm-none-eabi/4.9.3/../../../../arm-none-eabi/lib/armv7e-m/softfp/libc_nano.a(lib_a-memset.o)
 .text          0x0000000000000000        0x0 /Applications/Simplicity Studio.app/Contents/Eclipse/developer/toolchains/gnu_arm/4.9_2015q3/bin/../lib/gcc/arm-none-eabi/4.9.3/armv7e-m/softfp/crtend.o
 .data          0x0000000000000000        0x0 /Applications/Simplicity Studio.app/Contents/Eclipse/developer/toolchains/gnu_arm/4.9_2015q3/bin/../lib/gcc/arm-none-eabi/4.9.3/armv7e-m/softfp/crtend.o
 .bss           0x0000000000000000        0x0 /Applications/Simplicity Studio.app/Contents/Eclipse/developer/toolchains/gnu_arm/4.9_2015q3/bin/../lib/gcc/arm-none-eabi/4.9.3/armv7e-m/softfp/crtend.o
 .text          0x0000000000000000        0x0 /Applications/Simplicity Studio.app/Contents/Eclipse/developer/toolchains/gnu_arm/4.9_2015q3/bin/../lib/gcc/arm-none-eabi/4.9.3/armv7e-m/softfp/crtn.o
 .data          0x0000000000000000        0x0 /Applications/Simplicity Studio.app/Contents/Eclipse/developer/toolchains/gnu_arm/4.9_2015q3/bin/../lib/gcc/arm-none-eabi/4.9.3/armv7e-m/softfp/crtn.o
 .bss           0x0000000000000000        0x0 /Applications/Simplicity Studio.app/Contents/Eclipse/developer/toolchains/gnu_arm/4.9_2015q3/bin/../lib/gcc/arm-none-eabi/4.9.3/armv7e-m/softfp/crtn.o

Memory Configuration

Name             Origin             Length             Attributes
FLASH            0x0000000000000000 0x0000000000040000 xr
RAM              0x0000000020000000 0x0000000000008000 xrw
*default*        0x0000000000000000 0xffffffffffffffff

Linker script and memory map

LOAD /Applications/Simplicity Studio.app/Contents/Eclipse/developer/toolchains/gnu_arm/4.9_2015q3/bin/../lib/gcc/arm-none-eabi/4.9.3/armv7e-m/softfp/crti.o
LOAD /Applications/Simplicity Studio.app/Contents/Eclipse/developer/toolchains/gnu_arm/4.9_2015q3/bin/../lib/gcc/arm-none-eabi/4.9.3/armv7e-m/softfp/crtbegin.o
LOAD /Applications/Simplicity Studio.app/Contents/Eclipse/developer/toolchains/gnu_arm/4.9_2015q3/bin/../lib/gcc/arm-none-eabi/4.9.3/../../../../arm-none-eabi/lib/armv7e-m/softfp/crt0.o
LOAD ./CMSIS/EFM32PG1B/startup_efm32pg1b.o
LOAD ./CMSIS/EFM32PG1B/system_efm32pg1b.o
LOAD ./emlib/em_cmu.o
LOAD ./emlib/em_gpio.o
LOAD ./emlib/em_system.o
LOAD ./emlib/em_usart.o
LOAD ./src/main.o
LOAD ./src/retargetio.o
LOAD ./src/retargetswo.o
START GROUP
LOAD /Applications/Simplicity Studio.app/Contents/Eclipse/developer/toolchains/gnu_arm/4.9_2015q3/bin/../lib/gcc/arm-none-eabi/4.9.3/armv7e-m/softfp/libgcc.a
LOAD /Applications/Simplicity Studio.app/Contents/Eclipse/developer/toolchains/gnu_arm/4.9_2015q3/bin/../lib/gcc/arm-none-eabi/4.9.3/../../../../arm-none-eabi/lib/armv7e-m/softfp/libc_nano.a
LOAD /Applications/Simplicity Studio.app/Contents/Eclipse/developer/toolchains/gnu_arm/4.9_2015q3/bin/../lib/gcc/arm-none-eabi/4.9.3/../../../../arm-none-eabi/lib/armv7e-m/softfp/libnosys.a
END GROUP
START GROUP
LOAD /Applications/Simplicity Studio.app/Contents/Eclipse/developer/toolchains/gnu_arm/4.9_2015q3/bin/../lib/gcc/arm-none-eabi/4.9.3/armv7e-m/softfp/libgcc.a
LOAD /Applications/Simplicity Studio.app/Contents/Eclipse/developer/toolchains/gnu_arm/4.9_2015q3/bin/../lib/gcc/arm-none-eabi/4.9.3/../../../../arm-none-eabi/lib/armv7e-m/softfp/libg_nano.a
LOAD /Applications/Simplicity Studio.app/Contents/Eclipse/developer/toolchains/gnu_arm/4.9_2015q3/bin/../lib/gcc/arm-none-eabi/4.9.3/../../../../arm-none-eabi/lib/armv7e-m/softfp/libc_nano.a
END GROUP
START GROUP
LOAD /Applications/Simplicity Studio.app/Contents/Eclipse/developer/toolchains/gnu_arm/4.9_2015q3/bin/../lib/gcc/arm-none-eabi/4.9.3/armv7e-m/softfp/libgcc.a
LOAD /Applications/Simplicity Studio.app/Contents/Eclipse/developer/toolchains/gnu_arm/4.9_2015q3/bin/../lib/gcc/arm-none-eabi/4.9.3/../../../../arm-none-eabi/lib/armv7e-m/softfp/libc_nano.a
END GROUP
LOAD /Applications/Simplicity Studio.app/Contents/Eclipse/developer/toolchains/gnu_arm/4.9_2015q3/bin/../lib/gcc/arm-none-eabi/4.9.3/armv7e-m/softfp/crtend.o
LOAD /Applications/Simplicity Studio.app/Contents/Eclipse/developer/toolchains/gnu_arm/4.9_2015q3/bin/../lib/gcc/arm-none-eabi/4.9.3/armv7e-m/softfp/crtn.o

.text           0x0000000000000000     0x1140
 *(.vectors)
 .vectors       0x0000000000000000       0xc8 ./CMSIS/EFM32PG1B/startup_efm32pg1b.o
                0x0000000000000000                __Vectors
                0x00000000000000c8                __Vectors_End = .
                0x00000000000000c8                __Vectors_Size = (__Vectors_End - __Vectors)
                0x00000000000000c8                __end__ = .
 *(.text*)
 .text          0x00000000000000c8       0x5c /Applications/Simplicity Studio.app/Contents/Eclipse/developer/toolchains/gnu_arm/4.9_2015q3/bin/../lib/gcc/arm-none-eabi/4.9.3/armv7e-m/softfp/crtbegin.o
 .text          0x0000000000000124       0x74 /Applications/Simplicity Studio.app/Contents/Eclipse/developer/toolchains/gnu_arm/4.9_2015q3/bin/../lib/gcc/arm-none-eabi/4.9.3/../../../../arm-none-eabi/lib/armv7e-m/softfp/crt0.o
                0x0000000000000124                _mainCRTStartup
                0x0000000000000124                _start
 .text          0x0000000000000198       0x30 ./CMSIS/EFM32PG1B/startup_efm32pg1b.o
                0x0000000000000198                Reset_Handler
                0x00000000000001c4                USART0_TX_IRQHandler
                0x00000000000001c4                I2C0_IRQHandler
                0x00000000000001c4                HardFault_Handler
                0x00000000000001c4                USART1_RX_IRQHandler
                0x00000000000001c4                PendSV_Handler
                0x00000000000001c4                NMI_Handler
                0x00000000000001c4                WDOG0_IRQHandler
                0x00000000000001c4                USART1_TX_IRQHandler
                0x00000000000001c4                MSC_IRQHandler
                0x00000000000001c4                ADC0_IRQHandler
                0x00000000000001c4                UsageFault_Handler
                0x00000000000001c4                LEUART0_IRQHandler
                0x00000000000001c4                FPUEH_IRQHandler
                0x00000000000001c4                GPIO_EVEN_IRQHandler
                0x00000000000001c4                LDMA_IRQHandler
                0x00000000000001c4                TIMER0_IRQHandler
                0x00000000000001c4                LETIMER0_IRQHandler
                0x00000000000001c4                TIMER1_IRQHandler
                0x00000000000001c4                Default_Handler
                0x00000000000001c4                EMU_IRQHandler
                0x00000000000001c4                CRYOTIMER_IRQHandler
                0x00000000000001c4                PCNT0_IRQHandler
                0x00000000000001c4                ACMP0_IRQHandler
                0x00000000000001c4                USART0_RX_IRQHandler
                0x00000000000001c4                MemManage_Handler
                0x00000000000001c4                SVC_Handler
                0x00000000000001c4                RTCC_IRQHandler
                0x00000000000001c4                CRYPTO_IRQHandler
                0x00000000000001c4                CMU_IRQHandler
                0x00000000000001c4                GPIO_ODD_IRQHandler
                0x00000000000001c4                BusFault_Handler
                0x00000000000001c4                DebugMon_Handler
                0x00000000000001c4                IDAC0_IRQHandler
 .text.SystemCoreClockGet
                0x00000000000001c8       0x44 ./CMSIS/EFM32PG1B/system_efm32pg1b.o
                0x00000000000001c8                SystemCoreClockGet
 .text.SystemHFClockGet
                0x000000000000020c       0x70 ./CMSIS/EFM32PG1B/system_efm32pg1b.o
                0x000000000000020c                SystemHFClockGet
 .text.SystemHFXOClockGet
                0x000000000000027c       0x18 ./CMSIS/EFM32PG1B/system_efm32pg1b.o
                0x000000000000027c                SystemHFXOClockGet
 .text.SystemInit
                0x0000000000000294       0x20 ./CMSIS/EFM32PG1B/system_efm32pg1b.o
                0x0000000000000294                SystemInit
 .text.SystemLFRCOClockGet
                0x00000000000002b4       0x14 ./CMSIS/EFM32PG1B/system_efm32pg1b.o
                0x00000000000002b4                SystemLFRCOClockGet
 .text.SystemULFRCOClockGet
                0x00000000000002c8       0x14 ./CMSIS/EFM32PG1B/system_efm32pg1b.o
                0x00000000000002c8                SystemULFRCOClockGet
 .text.SystemLFXOClockGet
                0x00000000000002dc       0x18 ./CMSIS/EFM32PG1B/system_efm32pg1b.o
                0x00000000000002dc                SystemLFXOClockGet
 .text.BUS_RegBitWrite
                0x00000000000002f4       0x2c ./emlib/em_cmu.o
 .text.CMU_Log2ToDiv
                0x0000000000000320       0x1c ./emlib/em_cmu.o
 .text.auxClkGet
                0x000000000000033c       0x20 ./emlib/em_cmu.o
 .text.hfSrcClkGet
                0x000000000000035c       0x2c ./emlib/em_cmu.o
 .text.dbgClkGet
                0x0000000000000388       0x40 ./emlib/em_cmu.o
 .text.adcAsyncClkGet
                0x00000000000003c8       0x80 ./emlib/em_cmu.o
 .text.lfClkGet
                0x0000000000000448       0xf4 ./emlib/em_cmu.o
 .text.syncReg  0x000000000000053c       0x38 ./emlib/em_cmu.o
 .text.CMU_ClockEnable
                0x0000000000000574       0xcc ./emlib/em_cmu.o
                0x0000000000000574                CMU_ClockEnable
 .text.CMU_ClockFreqGet
                0x0000000000000640      0x198 ./emlib/em_cmu.o
                0x0000000000000640                CMU_ClockFreqGet
 .text.CMU_ClockSelectGet
                0x00000000000007d8      0x19c ./emlib/em_cmu.o
                0x00000000000007d8                CMU_ClockSelectGet
 .text.BUS_RegMaskedSet
                0x0000000000000974       0x24 ./emlib/em_gpio.o
 .text.BUS_RegMaskedClear
                0x0000000000000998       0x24 ./emlib/em_gpio.o
 .text.GPIO_PinOutClear
                0x00000000000009bc       0x58 ./emlib/em_gpio.o
 .text.GPIO_PinOutSet
                0x0000000000000a14       0x58 ./emlib/em_gpio.o
 .text.GPIO_PinModeSet
                0x0000000000000a6c      0x10c ./emlib/em_gpio.o
                0x0000000000000a6c                GPIO_PinModeSet
 .text.SYSTEM_ChipRevisionGet
                0x0000000000000b78       0x78 ./emlib/em_system.o
                0x0000000000000b78                SYSTEM_ChipRevisionGet
 .text.USART_BaudrateSyncSet
                0x0000000000000bf0       0x40 ./emlib/em_usart.o
                0x0000000000000bf0                USART_BaudrateSyncSet
 .text.USART_Enable
                0x0000000000000c30       0x4c ./emlib/em_usart.o
                0x0000000000000c30                USART_Enable
 .text.USART_InitSync
                0x0000000000000c7c       0xf0 ./emlib/em_usart.o
                0x0000000000000c7c                USART_InitSync
 .text.USART_Reset
                0x0000000000000d6c       0x9c ./emlib/em_usart.o
                0x0000000000000d6c                USART_Reset
 .text.USART_Tx
                0x0000000000000e08       0x2c ./emlib/em_usart.o
                0x0000000000000e08                USART_Tx
 .text.SYSTEM_GetProdRev
                0x0000000000000e34       0x1c ./src/main.o
 .text.CHIP_Init
                0x0000000000000e50       0xa8 ./src/main.o
 .text.SysTick_Handler
                0x0000000000000ef8       0x1c ./src/main.o
                0x0000000000000ef8                SysTick_Handler
 .text.initUSART1
                0x0000000000000f14       0xcc ./src/main.o
                0x0000000000000f14                initUSART1
 .text.send_bit
                0x0000000000000fe0       0x28 ./src/main.o
                0x0000000000000fe0                send_bit
 .text.LEDs_latch
                0x0000000000001008       0x24 ./src/main.o
                0x0000000000001008                LEDs_latch
 .text.light_LEDs
                0x000000000000102c       0x2c ./src/main.o
                0x000000000000102c                light_LEDs
 .text.main     0x0000000000001058       0x1c ./src/main.o
                0x0000000000001058                main
 .text._exit    0x0000000000001074        0xc ./src/retargetio.o
                0x0000000000001074                _exit
 .text.exit     0x0000000000001080       0x28 /Applications/Simplicity Studio.app/Contents/Eclipse/developer/toolchains/gnu_arm/4.9_2015q3/bin/../lib/gcc/arm-none-eabi/4.9.3/../../../../arm-none-eabi/lib/armv7e-m/softfp/libc_nano.a(lib_a-exit.o)
                0x0000000000001080                exit
 .text.__libc_init_array
                0x00000000000010a8       0x4c /Applications/Simplicity Studio.app/Contents/Eclipse/developer/toolchains/gnu_arm/4.9_2015q3/bin/../lib/gcc/arm-none-eabi/4.9.3/../../../../arm-none-eabi/lib/armv7e-m/softfp/libc_nano.a(lib_a-init.o)
                0x00000000000010a8                __libc_init_array
 .text.memset   0x00000000000010f4       0x10 /Applications/Simplicity Studio.app/Contents/Eclipse/developer/toolchains/gnu_arm/4.9_2015q3/bin/../lib/gcc/arm-none-eabi/4.9.3/../../../../arm-none-eabi/lib/armv7e-m/softfp/libc_nano.a(lib_a-memset.o)
                0x00000000000010f4                memset
 *(.init)
 .init          0x0000000000001104        0x4 /Applications/Simplicity Studio.app/Contents/Eclipse/developer/toolchains/gnu_arm/4.9_2015q3/bin/../lib/gcc/arm-none-eabi/4.9.3/armv7e-m/softfp/crti.o
                0x0000000000001104                _init
 .init          0x0000000000001108        0x8 /Applications/Simplicity Studio.app/Contents/Eclipse/developer/toolchains/gnu_arm/4.9_2015q3/bin/../lib/gcc/arm-none-eabi/4.9.3/armv7e-m/softfp/crtn.o
 *(.fini)
 .fini          0x0000000000001110        0x4 /Applications/Simplicity Studio.app/Contents/Eclipse/developer/toolchains/gnu_arm/4.9_2015q3/bin/../lib/gcc/arm-none-eabi/4.9.3/armv7e-m/softfp/crti.o
                0x0000000000001110                _fini
 .fini          0x0000000000001114        0x8 /Applications/Simplicity Studio.app/Contents/Eclipse/developer/toolchains/gnu_arm/4.9_2015q3/bin/../lib/gcc/arm-none-eabi/4.9.3/armv7e-m/softfp/crtn.o
 *crtbegin.o(.ctors)
 *crtbegin?.o(.ctors)
 *(EXCLUDE_FILE(*crtend.o *crtend?.o) .ctors)
 *(SORT(.ctors.*))
 *(.ctors)
 *crtbegin.o(.dtors)
 *crtbegin?.o(.dtors)
 *(EXCLUDE_FILE(*crtend.o *crtend?.o) .dtors)
 *(SORT(.dtors.*))
 *(.dtors)
 *(.rodata*)
 .rodata        0x000000000000111c       0x18 ./src/main.o
 .rodata.str1.1
                0x0000000000001134        0x2 /Applications/Simplicity Studio.app/Contents/Eclipse/developer/toolchains/gnu_arm/4.9_2015q3/bin/../lib/gcc/arm-none-eabi/4.9.3/../../../../arm-none-eabi/lib/armv7e-m/softfp/libc_nano.a(lib_a-impure.o)
 *fill*         0x0000000000001136        0x2 
 .rodata._global_impure_ptr
                0x0000000000001138        0x4 /Applications/Simplicity Studio.app/Contents/Eclipse/developer/toolchains/gnu_arm/4.9_2015q3/bin/../lib/gcc/arm-none-eabi/4.9.3/../../../../arm-none-eabi/lib/armv7e-m/softfp/libc_nano.a(lib_a-impure.o)
                0x0000000000001138                _global_impure_ptr
 *(.eh_frame*)
 .eh_frame      0x000000000000113c        0x0 /Applications/Simplicity Studio.app/Contents/Eclipse/developer/toolchains/gnu_arm/4.9_2015q3/bin/../lib/gcc/arm-none-eabi/4.9.3/armv7e-m/softfp/crtbegin.o
 .eh_frame      0x000000000000113c        0x4 /Applications/Simplicity Studio.app/Contents/Eclipse/developer/toolchains/gnu_arm/4.9_2015q3/bin/../lib/gcc/arm-none-eabi/4.9.3/armv7e-m/softfp/crtend.o

.glue_7         0x0000000000001140        0x0
 .glue_7        0x0000000000000000        0x0 linker stubs

.glue_7t        0x0000000000001140        0x0
 .glue_7t       0x0000000000000000        0x0 linker stubs

.vfp11_veneer   0x0000000000001140        0x0
 .vfp11_veneer  0x0000000000000000        0x0 linker stubs

.v4_bx          0x0000000000001140        0x0
 .v4_bx         0x0000000000000000        0x0 linker stubs

.iplt           0x0000000000001140        0x0
 .iplt          0x0000000000000000        0x0 /Applications/Simplicity Studio.app/Contents/Eclipse/developer/toolchains/gnu_arm/4.9_2015q3/bin/../lib/gcc/arm-none-eabi/4.9.3/armv7e-m/softfp/crtbegin.o

.ARM.extab
 *(.ARM.extab* .gnu.linkonce.armextab.*)
                0x0000000000001140                __exidx_start = .

.ARM.exidx      0x0000000000001140        0x8
 *(.ARM.exidx* .gnu.linkonce.armexidx.*)
 .ARM.exidx     0x0000000000001140        0x8 /Applications/Simplicity Studio.app/Contents/Eclipse/developer/toolchains/gnu_arm/4.9_2015q3/bin/../lib/gcc/arm-none-eabi/4.9.3/../../../../arm-none-eabi/lib/armv7e-m/softfp/crt0.o
                0x0000000000001148                __exidx_end = .
                0x0000000000001148                __etext = .

.rel.dyn        0x0000000000001148        0x0
 .rel.iplt      0x0000000000000000        0x0 /Applications/Simplicity Studio.app/Contents/Eclipse/developer/toolchains/gnu_arm/4.9_2015q3/bin/../lib/gcc/arm-none-eabi/4.9.3/armv7e-m/softfp/crtbegin.o

.data           0x0000000020000000       0x80 load address 0x0000000000001148
                0x0000000020000000                __data_start__ = .
 *(vtable)
 *(.data*)
 .data.SystemHFXOClock
                0x0000000020000000        0x4 ./CMSIS/EFM32PG1B/system_efm32pg1b.o
 .data.SystemLFXOClock
                0x0000000020000004        0x4 ./CMSIS/EFM32PG1B/system_efm32pg1b.o
 .data.SystemCoreClock
                0x0000000020000008        0x4 ./CMSIS/EFM32PG1B/system_efm32pg1b.o
                0x0000000020000008                SystemCoreClock
 .data.SystemHfrcoFreq
                0x000000002000000c        0x4 ./CMSIS/EFM32PG1B/system_efm32pg1b.o
                0x000000002000000c                SystemHfrcoFreq
 .data.auxHfrcoFreq
                0x0000000020000010        0x4 ./emlib/em_cmu.o
 .data.impure_data
                0x0000000020000014       0x60 /Applications/Simplicity Studio.app/Contents/Eclipse/developer/toolchains/gnu_arm/4.9_2015q3/bin/../lib/gcc/arm-none-eabi/4.9.3/../../../../arm-none-eabi/lib/armv7e-m/softfp/libc_nano.a(lib_a-impure.o)
                0x0000000020000074                . = ALIGN (0x4)
 *(.ram)
                0x0000000020000074                . = ALIGN (0x4)
                0x0000000020000074                PROVIDE (__preinit_array_start, .)
 *(.preinit_array)
                0x0000000020000074                PROVIDE (__preinit_array_end, .)
                0x0000000020000074                . = ALIGN (0x4)
                0x0000000020000074                PROVIDE (__init_array_start, .)
 *(SORT(.init_array.*))
 *(.init_array)
 .init_array    0x0000000020000074        0x4 /Applications/Simplicity Studio.app/Contents/Eclipse/developer/toolchains/gnu_arm/4.9_2015q3/bin/../lib/gcc/arm-none-eabi/4.9.3/armv7e-m/softfp/crtbegin.o
                0x0000000020000078                PROVIDE (__init_array_end, .)
                0x0000000020000078                . = ALIGN (0x4)
                0x0000000020000078                PROVIDE (__fini_array_start, .)
 *(SORT(.fini_array.*))
 *(.fini_array)
 .fini_array    0x0000000020000078        0x4 /Applications/Simplicity Studio.app/Contents/Eclipse/developer/toolchains/gnu_arm/4.9_2015q3/bin/../lib/gcc/arm-none-eabi/4.9.3/armv7e-m/softfp/crtbegin.o
                0x000000002000007c                PROVIDE (__fini_array_end, .)
 *(.jcr*)
 .jcr           0x000000002000007c        0x0 /Applications/Simplicity Studio.app/Contents/Eclipse/developer/toolchains/gnu_arm/4.9_2015q3/bin/../lib/gcc/arm-none-eabi/4.9.3/armv7e-m/softfp/crtbegin.o
 .jcr           0x000000002000007c        0x4 /Applications/Simplicity Studio.app/Contents/Eclipse/developer/toolchains/gnu_arm/4.9_2015q3/bin/../lib/gcc/arm-none-eabi/4.9.3/armv7e-m/softfp/crtend.o
                0x0000000020000080                . = ALIGN (0x4)
                0x0000000020000080                __data_end__ = .

.igot.plt       0x0000000020000080        0x0 load address 0x00000000000011c8
 .igot.plt      0x0000000000000000        0x0 /Applications/Simplicity Studio.app/Contents/Eclipse/developer/toolchains/gnu_arm/4.9_2015q3/bin/../lib/gcc/arm-none-eabi/4.9.3/armv7e-m/softfp/crtbegin.o

.bss            0x0000000020000080       0x20 load address 0x00000000000011c8
                0x0000000020000080                . = ALIGN (0x4)
                0x0000000020000080                __bss_start__ = .
 *(.bss*)
 .bss           0x0000000020000080       0x1c /Applications/Simplicity Studio.app/Contents/Eclipse/developer/toolchains/gnu_arm/4.9_2015q3/bin/../lib/gcc/arm-none-eabi/4.9.3/armv7e-m/softfp/crtbegin.o
 *(COMMON)
 COMMON         0x000000002000009c        0x4 ./src/main.o
                0x000000002000009c                msTicks
                0x00000000200000a0                . = ALIGN (0x4)
                0x00000000200000a0                __bss_end__ = .

.heap           0x00000000200000a0      0xc00
                0x00000000200000a0                __HeapBase = .
                0x00000000200000a0                __end__ = .
                0x00000000200000a0                end = __end__
                0x00000000200000a0                _end = __end__
 *(.heap*)
 .heap          0x00000000200000a0      0xc00 ./CMSIS/EFM32PG1B/startup_efm32pg1b.o
                0x0000000020000ca0                __HeapLimit = .

.stack_dummy    0x00000000200000a0      0x400
 *(.stack*)
 .stack         0x00000000200000a0      0x400 ./CMSIS/EFM32PG1B/startup_efm32pg1b.o
                0x0000000020008000                __StackTop = (ORIGIN (RAM) + 0x8000)
                0x0000000020007c00                __StackLimit = (__StackTop - SIZEOF (.stack_dummy))
                0x0000000020008000                PROVIDE (__stack, __StackTop)
                0x0000000000000001                ASSERT ((__StackLimit >= __HeapLimit), region RAM overflowed with stack)
                0x0000000000000001                ASSERT ((0x40000 >= (__etext + SIZEOF (.data))), FLASH memory overflowed !)
OUTPUT(SPI.axf elf32-littlearm)

.ARM.attributes
                0x0000000000000000       0x2e
 .ARM.attributes
                0x0000000000000000       0x22 /Applications/Simplicity Studio.app/Contents/Eclipse/developer/toolchains/gnu_arm/4.9_2015q3/bin/../lib/gcc/arm-none-eabi/4.9.3/armv7e-m/softfp/crti.o
 .ARM.attributes
                0x0000000000000022       0x32 /Applications/Simplicity Studio.app/Contents/Eclipse/developer/toolchains/gnu_arm/4.9_2015q3/bin/../lib/gcc/arm-none-eabi/4.9.3/armv7e-m/softfp/crtbegin.o
 .ARM.attributes
                0x0000000000000054       0x20 /Applications/Simplicity Studio.app/Contents/Eclipse/developer/toolchains/gnu_arm/4.9_2015q3/bin/../lib/gcc/arm-none-eabi/4.9.3/../../../../arm-none-eabi/lib/armv7e-m/softfp/crt0.o
 .ARM.attributes
                0x0000000000000074       0x1f ./CMSIS/EFM32PG1B/startup_efm32pg1b.o
 .ARM.attributes
                0x0000000000000093       0x37 ./CMSIS/EFM32PG1B/system_efm32pg1b.o
 .ARM.attributes
                0x00000000000000ca       0x37 ./emlib/em_cmu.o
 .ARM.attributes
                0x0000000000000101       0x37 ./emlib/em_gpio.o
 .ARM.attributes
                0x0000000000000138       0x37 ./emlib/em_system.o
 .ARM.attributes
                0x000000000000016f       0x37 ./emlib/em_usart.o
 .ARM.attributes
                0x00000000000001a6       0x37 ./src/main.o
 .ARM.attributes
                0x00000000000001dd       0x37 ./src/retargetio.o
 .ARM.attributes
                0x0000000000000214       0x32 /Applications/Simplicity Studio.app/Contents/Eclipse/developer/toolchains/gnu_arm/4.9_2015q3/bin/../lib/gcc/arm-none-eabi/4.9.3/../../../../arm-none-eabi/lib/armv7e-m/softfp/libc_nano.a(lib_a-exit.o)
 .ARM.attributes
                0x0000000000000246       0x32 /Applications/Simplicity Studio.app/Contents/Eclipse/developer/toolchains/gnu_arm/4.9_2015q3/bin/../lib/gcc/arm-none-eabi/4.9.3/../../../../arm-none-eabi/lib/armv7e-m/softfp/libc_nano.a(lib_a-impure.o)
 .ARM.attributes
                0x0000000000000278       0x32 /Applications/Simplicity Studio.app/Contents/Eclipse/developer/toolchains/gnu_arm/4.9_2015q3/bin/../lib/gcc/arm-none-eabi/4.9.3/../../../../arm-none-eabi/lib/armv7e-m/softfp/libc_nano.a(lib_a-init.o)
 .ARM.attributes
                0x00000000000002aa       0x32 /Applications/Simplicity Studio.app/Contents/Eclipse/developer/toolchains/gnu_arm/4.9_2015q3/bin/../lib/gcc/arm-none-eabi/4.9.3/../../../../arm-none-eabi/lib/armv7e-m/softfp/libc_nano.a(lib_a-memset.o)
 .ARM.attributes
                0x00000000000002dc       0x32 /Applications/Simplicity Studio.app/Contents/Eclipse/developer/toolchains/gnu_arm/4.9_2015q3/bin/../lib/gcc/arm-none-eabi/4.9.3/armv7e-m/softfp/crtend.o
 .ARM.attributes
                0x000000000000030e       0x22 /Applications/Simplicity Studio.app/Contents/Eclipse/developer/toolchains/gnu_arm/4.9_2015q3/bin/../lib/gcc/arm-none-eabi/4.9.3/armv7e-m/softfp/crtn.o

.comment        0x0000000000000000       0x70
 .comment       0x0000000000000000       0x70 ./CMSIS/EFM32PG1B/system_efm32pg1b.o
                                         0x71 (size before relaxing)
 .comment       0x0000000000000000       0x71 ./emlib/em_cmu.o
 .comment       0x0000000000000000       0x71 ./emlib/em_gpio.o
 .comment       0x0000000000000000       0x71 ./emlib/em_system.o
 .comment       0x0000000000000000       0x71 ./emlib/em_usart.o
 .comment       0x0000000000000000       0x71 ./src/main.o
 .comment       0x0000000000000000       0x71 ./src/retargetio.o

.debug_line     0x0000000000000000     0x270b
 .debug_line    0x0000000000000000       0xe9 ./CMSIS/EFM32PG1B/startup_efm32pg1b.o
 .debug_line    0x00000000000000e9      0x3ad ./CMSIS/EFM32PG1B/system_efm32pg1b.o
 .debug_line    0x0000000000000496      0xb8a ./emlib/em_cmu.o
 .debug_line    0x0000000000001020      0x531 ./emlib/em_gpio.o
 .debug_line    0x0000000000001551      0x383 ./emlib/em_system.o
 .debug_line    0x00000000000018d4      0x634 ./emlib/em_usart.o
 .debug_line    0x0000000000001f08      0x4d6 ./src/main.o
 .debug_line    0x00000000000023de      0x32d ./src/retargetio.o

.debug_info     0x0000000000000000     0x5929
 .debug_info    0x0000000000000000      0x10d ./CMSIS/EFM32PG1B/startup_efm32pg1b.o
 .debug_info    0x000000000000010d      0x86d ./CMSIS/EFM32PG1B/system_efm32pg1b.o
 .debug_info    0x000000000000097a     0x1ba4 ./emlib/em_cmu.o
 .debug_info    0x000000000000251e      0xa05 ./emlib/em_gpio.o
 .debug_info    0x0000000000002f23      0x272 ./emlib/em_system.o
 .debug_info    0x0000000000003195      0xf92 ./emlib/em_usart.o
 .debug_info    0x0000000000004127     0x133c ./src/main.o
 .debug_info    0x0000000000005463      0x4c6 ./src/retargetio.o

.debug_abbrev   0x0000000000000000      0xc8f
 .debug_abbrev  0x0000000000000000       0x14 ./CMSIS/EFM32PG1B/startup_efm32pg1b.o
 .debug_abbrev  0x0000000000000014      0x1a7 ./CMSIS/EFM32PG1B/system_efm32pg1b.o
 .debug_abbrev  0x00000000000001bb      0x2c8 ./emlib/em_cmu.o
 .debug_abbrev  0x0000000000000483      0x1da ./emlib/em_gpio.o
 .debug_abbrev  0x000000000000065d      0x107 ./emlib/em_system.o
 .debug_abbrev  0x0000000000000764      0x1d9 ./emlib/em_usart.o
 .debug_abbrev  0x000000000000093d      0x208 ./src/main.o
 .debug_abbrev  0x0000000000000b45      0x14a ./src/retargetio.o

.debug_aranges  0x0000000000000000      0x468
 .debug_aranges
                0x0000000000000000       0x20 ./CMSIS/EFM32PG1B/startup_efm32pg1b.o
 .debug_aranges
                0x0000000000000020       0x68 ./CMSIS/EFM32PG1B/system_efm32pg1b.o
 .debug_aranges
                0x0000000000000088      0x1a8 ./emlib/em_cmu.o
 .debug_aranges
                0x0000000000000230       0x88 ./emlib/em_gpio.o
 .debug_aranges
                0x00000000000002b8       0x28 ./emlib/em_system.o
 .debug_aranges
                0x00000000000002e0       0xb8 ./emlib/em_usart.o
 .debug_aranges
                0x0000000000000398       0x68 ./src/main.o
 .debug_aranges
                0x0000000000000400       0x68 ./src/retargetio.o

.debug_loc      0x0000000000000000     0x2562
 .debug_loc     0x0000000000000000      0x2e4 ./CMSIS/EFM32PG1B/system_efm32pg1b.o
 .debug_loc     0x00000000000002e4     0x1024 ./emlib/em_cmu.o
 .debug_loc     0x0000000000001308      0x4b4 ./emlib/em_gpio.o
 .debug_loc     0x00000000000017bc       0xb8 ./emlib/em_system.o
 .debug_loc     0x0000000000001874      0x6d2 ./emlib/em_usart.o
 .debug_loc     0x0000000000001f46      0x2d8 ./src/main.o
 .debug_loc     0x000000000000221e      0x344 ./src/retargetio.o

.debug_ranges   0x0000000000000000      0x3d8
 .debug_ranges  0x0000000000000000       0x58 ./CMSIS/EFM32PG1B/system_efm32pg1b.o
 .debug_ranges  0x0000000000000058      0x198 ./emlib/em_cmu.o
 .debug_ranges  0x00000000000001f0       0x78 ./emlib/em_gpio.o
 .debug_ranges  0x0000000000000268       0x18 ./emlib/em_system.o
 .debug_ranges  0x0000000000000280       0xa8 ./emlib/em_usart.o
 .debug_ranges  0x0000000000000328       0x58 ./src/main.o
 .debug_ranges  0x0000000000000380       0x58 ./src/retargetio.o

.debug_str      0x0000000000000000     0x2864
 .debug_str     0x0000000000000000      0x5f5 ./CMSIS/EFM32PG1B/system_efm32pg1b.o
                                        0x667 (size before relaxing)
 .debug_str     0x00000000000005f5      0xee8 ./emlib/em_cmu.o
                                       0x13e3 (size before relaxing)
 .debug_str     0x00000000000014dd      0x54f ./emlib/em_gpio.o
                                        0x832 (size before relaxing)
 .debug_str     0x0000000000001a2c      0x14d ./emlib/em_system.o
                                        0x31b (size before relaxing)
 .debug_str     0x0000000000001b79      0xa4a ./emlib/em_usart.o
                                        0xe89 (size before relaxing)
 .debug_str     0x00000000000025c3       0xd4 ./src/main.o
                                        0xf5d (size before relaxing)
 .debug_str     0x0000000000002697      0x1cd ./src/retargetio.o
                                        0x3e6 (size before relaxing)

.debug_frame    0x0000000000000000     0x11b4
 .debug_frame   0x0000000000000000      0x164 ./CMSIS/EFM32PG1B/system_efm32pg1b.o
 .debug_frame   0x0000000000000164      0x754 ./emlib/em_cmu.o
 .debug_frame   0x00000000000008b8      0x228 ./emlib/em_gpio.o
 .debug_frame   0x0000000000000ae0       0x60 ./emlib/em_system.o
 .debug_frame   0x0000000000000b40      0x310 ./emlib/em_usart.o
 .debug_frame   0x0000000000000e50      0x16c ./src/main.o
 .debug_frame   0x0000000000000fbc      0x184 ./src/retargetio.o
 .debug_frame   0x0000000000001140       0x28 /Applications/Simplicity Studio.app/Contents/Eclipse/developer/toolchains/gnu_arm/4.9_2015q3/bin/../lib/gcc/arm-none-eabi/4.9.3/../../../../arm-none-eabi/lib/armv7e-m/softfp/libc_nano.a(lib_a-exit.o)
 .debug_frame   0x0000000000001168       0x2c /Applications/Simplicity Studio.app/Contents/Eclipse/developer/toolchains/gnu_arm/4.9_2015q3/bin/../lib/gcc/arm-none-eabi/4.9.3/../../../../arm-none-eabi/lib/armv7e-m/softfp/libc_nano.a(lib_a-init.o)
 .debug_frame   0x0000000000001194       0x20 /Applications/Simplicity Studio.app/Contents/Eclipse/developer/toolchains/gnu_arm/4.9_2015q3/bin/../lib/gcc/arm-none-eabi/4.9.3/../../../../arm-none-eabi/lib/armv7e-m/softfp/libc_nano.a(lib_a-memset.o)
