Archive member included because of file (symbol)

/Applications/Simplicity Studio.app/Contents/Eclipse/developer/toolchains/gnu_arm/4.9_2015q3/bin/../lib/gcc/arm-none-eabi/4.9.3/../../../../arm-none-eabi/lib/armv7e-m/softfp/libc_nano.a(lib_a-exit.o)
                              /Applications/Simplicity Studio.app/Contents/Eclipse/developer/toolchains/gnu_arm/4.9_2015q3/bin/../lib/gcc/arm-none-eabi/4.9.3/../../../../arm-none-eabi/lib/armv7e-m/softfp/crt0.o (exit)
/Applications/Simplicity Studio.app/Contents/Eclipse/developer/toolchains/gnu_arm/4.9_2015q3/bin/../lib/gcc/arm-none-eabi/4.9.3/../../../../arm-none-eabi/lib/armv7e-m/softfp/libc_nano.a(lib_a-impure.o)
                              /Applications/Simplicity Studio.app/Contents/Eclipse/developer/toolchains/gnu_arm/4.9_2015q3/bin/../lib/gcc/arm-none-eabi/4.9.3/../../../../arm-none-eabi/lib/armv7e-m/softfp/libc_nano.a(lib_a-exit.o) (_global_impure_ptr)
/Applications/Simplicity Studio.app/Contents/Eclipse/developer/toolchains/gnu_arm/4.9_2015q3/bin/../lib/gcc/arm-none-eabi/4.9.3/../../../../arm-none-eabi/lib/armv7e-m/softfp/libc_nano.a(lib_a-init.o)
                              /Applications/Simplicity Studio.app/Contents/Eclipse/developer/toolchains/gnu_arm/4.9_2015q3/bin/../lib/gcc/arm-none-eabi/4.9.3/../../../../arm-none-eabi/lib/armv7e-m/softfp/crt0.o (__libc_init_array)
/Applications/Simplicity Studio.app/Contents/Eclipse/developer/toolchains/gnu_arm/4.9_2015q3/bin/../lib/gcc/arm-none-eabi/4.9.3/../../../../arm-none-eabi/lib/armv7e-m/softfp/libc_nano.a(lib_a-memset.o)
                              /Applications/Simplicity Studio.app/Contents/Eclipse/developer/toolchains/gnu_arm/4.9_2015q3/bin/../lib/gcc/arm-none-eabi/4.9.3/../../../../arm-none-eabi/lib/armv7e-m/softfp/crt0.o (memset)
/Applications/Simplicity Studio.app/Contents/Eclipse/developer/toolchains/gnu_arm/4.9_2015q3/bin/../lib/gcc/arm-none-eabi/4.9.3/../../../../arm-none-eabi/lib/armv7e-m/softfp/libnosys.a(_exit.o)
                              /Applications/Simplicity Studio.app/Contents/Eclipse/developer/toolchains/gnu_arm/4.9_2015q3/bin/../lib/gcc/arm-none-eabi/4.9.3/../../../../arm-none-eabi/lib/armv7e-m/softfp/libc_nano.a(lib_a-exit.o) (_exit)

Discarded input sections

 .text          0x0000000000000000        0x0 /Applications/Simplicity Studio.app/Contents/Eclipse/developer/toolchains/gnu_arm/4.9_2015q3/bin/../lib/gcc/arm-none-eabi/4.9.3/armv7e-m/softfp/crti.o
 .data          0x0000000000000000        0x0 /Applications/Simplicity Studio.app/Contents/Eclipse/developer/toolchains/gnu_arm/4.9_2015q3/bin/../lib/gcc/arm-none-eabi/4.9.3/armv7e-m/softfp/crti.o
 .bss           0x0000000000000000        0x0 /Applications/Simplicity Studio.app/Contents/Eclipse/developer/toolchains/gnu_arm/4.9_2015q3/bin/../lib/gcc/arm-none-eabi/4.9.3/armv7e-m/softfp/crti.o
 .data          0x0000000000000000        0x4 /Applications/Simplicity Studio.app/Contents/Eclipse/developer/toolchains/gnu_arm/4.9_2015q3/bin/../lib/gcc/arm-none-eabi/4.9.3/armv7e-m/softfp/crtbegin.o
 .data          0x0000000000000000        0x0 /Applications/Simplicity Studio.app/Contents/Eclipse/developer/toolchains/gnu_arm/4.9_2015q3/bin/../lib/gcc/arm-none-eabi/4.9.3/../../../../arm-none-eabi/lib/armv7e-m/softfp/crt0.o
 .bss           0x0000000000000000        0x0 /Applications/Simplicity Studio.app/Contents/Eclipse/developer/toolchains/gnu_arm/4.9_2015q3/bin/../lib/gcc/arm-none-eabi/4.9.3/../../../../arm-none-eabi/lib/armv7e-m/softfp/crt0.o
 .ARM.extab     0x0000000000000000        0x0 /Applications/Simplicity Studio.app/Contents/Eclipse/developer/toolchains/gnu_arm/4.9_2015q3/bin/../lib/gcc/arm-none-eabi/4.9.3/../../../../arm-none-eabi/lib/armv7e-m/softfp/crt0.o
 .data          0x0000000000000000        0x0 ./CMSIS/EFM32PG1B/startup_efm32pg1b.o
 .bss           0x0000000000000000        0x0 ./CMSIS/EFM32PG1B/startup_efm32pg1b.o
 .text          0x0000000000000000        0x0 ./CMSIS/EFM32PG1B/system_efm32pg1b.o
 .data          0x0000000000000000        0x0 ./CMSIS/EFM32PG1B/system_efm32pg1b.o
 .bss           0x0000000000000000        0x0 ./CMSIS/EFM32PG1B/system_efm32pg1b.o
 .text.SystemHFXOClockSet
                0x0000000000000000       0x30 ./CMSIS/EFM32PG1B/system_efm32pg1b.o
 .text.SystemLFXOClockSet
                0x0000000000000000       0x30 ./CMSIS/EFM32PG1B/system_efm32pg1b.o
 .text          0x0000000000000000        0x0 ./emlib/em_cmu.o
 .data          0x0000000000000000        0x0 ./emlib/em_cmu.o
 .bss           0x0000000000000000        0x0 ./emlib/em_cmu.o
 .text.BUS_RegMaskedSet
                0x0000000000000000       0x24 ./emlib/em_cmu.o
 .text.BUS_RegMaskedClear
                0x0000000000000000       0x24 ./emlib/em_cmu.o
 .text.BUS_RegMaskedWrite
                0x0000000000000000       0x24 ./emlib/em_cmu.o
 .text.CMU_PrescToLog2
                0x0000000000000000       0x28 ./emlib/em_cmu.o
 .text.CMU_AUXHFRCODevinfoGet
                0x0000000000000000       0xdc ./emlib/em_cmu.o
 .text.CMU_AUXHFRCOBandGet
                0x0000000000000000       0x18 ./emlib/em_cmu.o
 .text.CMU_AUXHFRCOBandSet
                0x0000000000000000       0x98 ./emlib/em_cmu.o
 .text.CMU_Calibrate
                0x0000000000000000       0x88 ./emlib/em_cmu.o
 .text.CMU_CalibrateConfig
                0x0000000000000000       0xd8 ./emlib/em_cmu.o
 .text.CMU_CalibrateCountGet
                0x0000000000000000       0x38 ./emlib/em_cmu.o
 .text.CMU_ClockDivGet
                0x0000000000000000       0x1c ./emlib/em_cmu.o
 .text.CMU_ClockDivSet
                0x0000000000000000       0x1c ./emlib/em_cmu.o
 .text.CMU_ClockPrescGet
                0x0000000000000000      0x120 ./emlib/em_cmu.o
 .text.CMU_ClockPrescSet
                0x0000000000000000      0x1e0 ./emlib/em_cmu.o
 .text.CMU_FreezeEnable
                0x0000000000000000       0x3c ./emlib/em_cmu.o
 .text.CMU_HFRCODevinfoGet
                0x0000000000000000       0xdc ./emlib/em_cmu.o
 .text.CMU_HFRCOBandGet
                0x0000000000000000       0x18 ./emlib/em_cmu.o
 .text.CMU_HFRCOBandSet
                0x0000000000000000       0xec ./emlib/em_cmu.o
 .text.CMU_HFXOAutostartEnable
                0x0000000000000000       0x7c ./emlib/em_cmu.o
 .text.CMU_LCDClkFDIVGet
                0x0000000000000000       0x10 ./emlib/em_cmu.o
 .text.CMU_LCDClkFDIVSet
                0x0000000000000000       0x14 ./emlib/em_cmu.o
 .text.CMU_LFXOInit
                0x0000000000000000       0x50 ./emlib/em_cmu.o
 .text.CMU_PCNTClockExternalGet
                0x0000000000000000       0x40 ./emlib/em_cmu.o
 .text.CMU_PCNTClockExternalSet
                0x0000000000000000       0x34 ./emlib/em_cmu.o
 .text          0x0000000000000000        0x0 ./emlib/em_emu.o
 .data          0x0000000000000000        0x0 ./emlib/em_emu.o
 .bss           0x0000000000000000        0x0 ./emlib/em_emu.o
 .text.SystemCoreClockUpdate
                0x0000000000000000        0xc ./emlib/em_emu.o
 .text.EMU_IntClear
                0x0000000000000000       0x1c ./emlib/em_emu.o
 .text.EMU_IntGet
                0x0000000000000000       0x18 ./emlib/em_emu.o
 .text.EMU_Unlock
                0x0000000000000000       0x18 ./emlib/em_emu.o
 .text.CMU_Lock
                0x0000000000000000       0x18 ./emlib/em_emu.o
 .text.CMU_Unlock
                0x0000000000000000       0x1c ./emlib/em_emu.o
 .text.emState  0x0000000000000000       0xcc ./emlib/em_emu.o
 .text.dcdcFetCntSet
                0x0000000000000000       0x50 ./emlib/em_emu.o
 .text.dcdcHsFixLnBlock
                0x0000000000000000       0x48 ./emlib/em_emu.o
 .text.EMU_EnterEM2
                0x0000000000000000       0x50 ./emlib/em_emu.o
 .text.EMU_EnterEM3
                0x0000000000000000       0x78 ./emlib/em_emu.o
 .text.EMU_Save
                0x0000000000000000        0xc ./emlib/em_emu.o
 .text.EMU_Restore
                0x0000000000000000        0xc ./emlib/em_emu.o
 .text.EMU_EnterEM4
                0x0000000000000000       0xbc ./emlib/em_emu.o
 .text.EMU_EnterEM4H
                0x0000000000000000       0x18 ./emlib/em_emu.o
 .text.EMU_EnterEM4S
                0x0000000000000000       0x18 ./emlib/em_emu.o
 .text.EMU_MemPwrDown
                0x0000000000000000       0x20 ./emlib/em_emu.o
 .text.EMU_RamPowerDown
                0x0000000000000000       0xa0 ./emlib/em_emu.o
 .text.EMU_UpdateOscConfig
                0x0000000000000000        0xc ./emlib/em_emu.o
 .text.EMU_EM23Init
                0x0000000000000000       0x14 ./emlib/em_emu.o
 .text.EMU_EM4Init
                0x0000000000000000       0x74 ./emlib/em_emu.o
 .text.EMU_DCDCConductionModeSet
                0x0000000000000000       0xac ./emlib/em_emu.o
 .text.EMU_DCDCPowerOff
                0x0000000000000000       0x40 ./emlib/em_emu.o
 .text.vmonCalibratedThreshold
                0x0000000000000000      0x1a0 ./emlib/em_emu.o
 .text.EMU_VmonInit
                0x0000000000000000      0x1b8 ./emlib/em_emu.o
 .text.EMU_VmonHystInit
                0x0000000000000000      0x100 ./emlib/em_emu.o
 .text.EMU_VmonEnable
                0x0000000000000000       0x7c ./emlib/em_emu.o
 .text.EMU_VmonChannelStatusGet
                0x0000000000000000       0x68 ./emlib/em_emu.o
 .text.EMU_SetBiasMode
                0x0000000000000000       0xa4 ./emlib/em_emu.o
 .bss.cmuStatus.5855
                0x0000000000000000        0x4 ./emlib/em_emu.o
 .bss.hfClock.5856
                0x0000000000000000        0x1 ./emlib/em_emu.o
 .bss.emuDcdcMiscCtrlReg.5863
                0x0000000000000000        0x4 ./emlib/em_emu.o
 .text          0x0000000000000000        0x0 ./emlib/em_gpio.o
 .data          0x0000000000000000        0x0 ./emlib/em_gpio.o
 .bss           0x0000000000000000        0x0 ./emlib/em_gpio.o
 .text.BUS_RegBitWrite
                0x0000000000000000       0x2c ./emlib/em_gpio.o
 .text.BUS_RegMaskedWrite
                0x0000000000000000       0x24 ./emlib/em_gpio.o
 .text.GPIO_EM4SetPinRetention
                0x0000000000000000       0x3c ./emlib/em_gpio.o
 .text.GPIO_IntClear
                0x0000000000000000       0x20 ./emlib/em_gpio.o
 .text.GPIO_DbgLocationSet
                0x0000000000000000       0x2c ./emlib/em_gpio.o
 .text.GPIO_DriveStrengthSet
                0x0000000000000000       0x60 ./emlib/em_gpio.o
 .text.GPIO_ExtIntConfig
                0x0000000000000000      0x124 ./emlib/em_gpio.o
 .text.GPIO_PinModeGet
                0x0000000000000000       0x8c ./emlib/em_gpio.o
 .text.GPIO_EM4EnablePinWakeup
                0x0000000000000000       0x58 ./emlib/em_gpio.o
 .text          0x0000000000000000        0x0 ./emlib/em_i2c.o
 .data          0x0000000000000000        0x0 ./emlib/em_i2c.o
 .bss           0x0000000000000000        0x0 ./emlib/em_i2c.o
 .text.I2C_BusFreqGet
                0x0000000000000000       0x44 ./emlib/em_i2c.o
 .text.I2C_Enable
                0x0000000000000000       0x20 ./emlib/em_i2c.o
 .text.I2C_Reset
                0x0000000000000000       0x3c ./emlib/em_i2c.o
 .text          0x0000000000000000        0x0 ./emlib/em_system.o
 .data          0x0000000000000000        0x0 ./emlib/em_system.o
 .bss           0x0000000000000000        0x0 ./emlib/em_system.o
 .text.SYSTEM_GetCalibrationValue
                0x0000000000000000       0x4c ./emlib/em_system.o
 .text          0x0000000000000000        0x0 ./src/display.o
 .data          0x0000000000000000        0x0 ./src/display.o
 .bss           0x0000000000000000        0x0 ./src/display.o
 .debug_line    0x0000000000000000        0x0 ./src/display.o
 .debug_str     0x0000000000000000      0x156 ./src/display.o
 .comment       0x0000000000000000       0x71 ./src/display.o
 .ARM.attributes
                0x0000000000000000       0x37 ./src/display.o
 .text          0x0000000000000000        0x0 ./src/i2cspm.o
 .data          0x0000000000000000        0x0 ./src/i2cspm.o
 .bss           0x0000000000000000        0x0 ./src/i2cspm.o
 .text          0x0000000000000000        0x0 ./src/main.o
 .data          0x0000000000000000        0x0 ./src/main.o
 .bss           0x0000000000000000        0x0 ./src/main.o
 .text          0x0000000000000000        0x0 /Applications/Simplicity Studio.app/Contents/Eclipse/developer/toolchains/gnu_arm/4.9_2015q3/bin/../lib/gcc/arm-none-eabi/4.9.3/../../../../arm-none-eabi/lib/armv7e-m/softfp/libc_nano.a(lib_a-exit.o)
 .data          0x0000000000000000        0x0 /Applications/Simplicity Studio.app/Contents/Eclipse/developer/toolchains/gnu_arm/4.9_2015q3/bin/../lib/gcc/arm-none-eabi/4.9.3/../../../../arm-none-eabi/lib/armv7e-m/softfp/libc_nano.a(lib_a-exit.o)
 .bss           0x0000000000000000        0x0 /Applications/Simplicity Studio.app/Contents/Eclipse/developer/toolchains/gnu_arm/4.9_2015q3/bin/../lib/gcc/arm-none-eabi/4.9.3/../../../../arm-none-eabi/lib/armv7e-m/softfp/libc_nano.a(lib_a-exit.o)
 .text          0x0000000000000000        0x0 /Applications/Simplicity Studio.app/Contents/Eclipse/developer/toolchains/gnu_arm/4.9_2015q3/bin/../lib/gcc/arm-none-eabi/4.9.3/../../../../arm-none-eabi/lib/armv7e-m/softfp/libc_nano.a(lib_a-impure.o)
 .data          0x0000000000000000        0x0 /Applications/Simplicity Studio.app/Contents/Eclipse/developer/toolchains/gnu_arm/4.9_2015q3/bin/../lib/gcc/arm-none-eabi/4.9.3/../../../../arm-none-eabi/lib/armv7e-m/softfp/libc_nano.a(lib_a-impure.o)
 .bss           0x0000000000000000        0x0 /Applications/Simplicity Studio.app/Contents/Eclipse/developer/toolchains/gnu_arm/4.9_2015q3/bin/../lib/gcc/arm-none-eabi/4.9.3/../../../../arm-none-eabi/lib/armv7e-m/softfp/libc_nano.a(lib_a-impure.o)
 .data._impure_ptr
                0x0000000000000000        0x4 /Applications/Simplicity Studio.app/Contents/Eclipse/developer/toolchains/gnu_arm/4.9_2015q3/bin/../lib/gcc/arm-none-eabi/4.9.3/../../../../arm-none-eabi/lib/armv7e-m/softfp/libc_nano.a(lib_a-impure.o)
 .text          0x0000000000000000        0x0 /Applications/Simplicity Studio.app/Contents/Eclipse/developer/toolchains/gnu_arm/4.9_2015q3/bin/../lib/gcc/arm-none-eabi/4.9.3/../../../../arm-none-eabi/lib/armv7e-m/softfp/libc_nano.a(lib_a-init.o)
 .data          0x0000000000000000        0x0 /Applications/Simplicity Studio.app/Contents/Eclipse/developer/toolchains/gnu_arm/4.9_2015q3/bin/../lib/gcc/arm-none-eabi/4.9.3/../../../../arm-none-eabi/lib/armv7e-m/softfp/libc_nano.a(lib_a-init.o)
 .bss           0x0000000000000000        0x0 /Applications/Simplicity Studio.app/Contents/Eclipse/developer/toolchains/gnu_arm/4.9_2015q3/bin/../lib/gcc/arm-none-eabi/4.9.3/../../../../arm-none-eabi/lib/armv7e-m/softfp/libc_nano.a(lib_a-init.o)
 .text          0x0000000000000000        0x0 /Applications/Simplicity Studio.app/Contents/Eclipse/developer/toolchains/gnu_arm/4.9_2015q3/bin/../lib/gcc/arm-none-eabi/4.9.3/../../../../arm-none-eabi/lib/armv7e-m/softfp/libc_nano.a(lib_a-memset.o)
 .data          0x0000000000000000        0x0 /Applications/Simplicity Studio.app/Contents/Eclipse/developer/toolchains/gnu_arm/4.9_2015q3/bin/../lib/gcc/arm-none-eabi/4.9.3/../../../../arm-none-eabi/lib/armv7e-m/softfp/libc_nano.a(lib_a-memset.o)
 .bss           0x0000000000000000        0x0 /Applications/Simplicity Studio.app/Contents/Eclipse/developer/toolchains/gnu_arm/4.9_2015q3/bin/../lib/gcc/arm-none-eabi/4.9.3/../../../../arm-none-eabi/lib/armv7e-m/softfp/libc_nano.a(lib_a-memset.o)
 .text          0x0000000000000000        0x0 /Applications/Simplicity Studio.app/Contents/Eclipse/developer/toolchains/gnu_arm/4.9_2015q3/bin/../lib/gcc/arm-none-eabi/4.9.3/../../../../arm-none-eabi/lib/armv7e-m/softfp/libnosys.a(_exit.o)
 .data          0x0000000000000000        0x0 /Applications/Simplicity Studio.app/Contents/Eclipse/developer/toolchains/gnu_arm/4.9_2015q3/bin/../lib/gcc/arm-none-eabi/4.9.3/../../../../arm-none-eabi/lib/armv7e-m/softfp/libnosys.a(_exit.o)
 .bss           0x0000000000000000        0x0 /Applications/Simplicity Studio.app/Contents/Eclipse/developer/toolchains/gnu_arm/4.9_2015q3/bin/../lib/gcc/arm-none-eabi/4.9.3/../../../../arm-none-eabi/lib/armv7e-m/softfp/libnosys.a(_exit.o)
 .text          0x0000000000000000        0x0 /Applications/Simplicity Studio.app/Contents/Eclipse/developer/toolchains/gnu_arm/4.9_2015q3/bin/../lib/gcc/arm-none-eabi/4.9.3/armv7e-m/softfp/crtend.o
 .data          0x0000000000000000        0x0 /Applications/Simplicity Studio.app/Contents/Eclipse/developer/toolchains/gnu_arm/4.9_2015q3/bin/../lib/gcc/arm-none-eabi/4.9.3/armv7e-m/softfp/crtend.o
 .bss           0x0000000000000000        0x0 /Applications/Simplicity Studio.app/Contents/Eclipse/developer/toolchains/gnu_arm/4.9_2015q3/bin/../lib/gcc/arm-none-eabi/4.9.3/armv7e-m/softfp/crtend.o
 .text          0x0000000000000000        0x0 /Applications/Simplicity Studio.app/Contents/Eclipse/developer/toolchains/gnu_arm/4.9_2015q3/bin/../lib/gcc/arm-none-eabi/4.9.3/armv7e-m/softfp/crtn.o
 .data          0x0000000000000000        0x0 /Applications/Simplicity Studio.app/Contents/Eclipse/developer/toolchains/gnu_arm/4.9_2015q3/bin/../lib/gcc/arm-none-eabi/4.9.3/armv7e-m/softfp/crtn.o
 .bss           0x0000000000000000        0x0 /Applications/Simplicity Studio.app/Contents/Eclipse/developer/toolchains/gnu_arm/4.9_2015q3/bin/../lib/gcc/arm-none-eabi/4.9.3/armv7e-m/softfp/crtn.o

Memory Configuration

Name             Origin             Length             Attributes
FLASH            0x0000000000000000 0x0000000000040000 xr
RAM              0x0000000020000000 0x0000000000008000 xrw
*default*        0x0000000000000000 0xffffffffffffffff

Linker script and memory map

LOAD /Applications/Simplicity Studio.app/Contents/Eclipse/developer/toolchains/gnu_arm/4.9_2015q3/bin/../lib/gcc/arm-none-eabi/4.9.3/armv7e-m/softfp/crti.o
LOAD /Applications/Simplicity Studio.app/Contents/Eclipse/developer/toolchains/gnu_arm/4.9_2015q3/bin/../lib/gcc/arm-none-eabi/4.9.3/armv7e-m/softfp/crtbegin.o
LOAD /Applications/Simplicity Studio.app/Contents/Eclipse/developer/toolchains/gnu_arm/4.9_2015q3/bin/../lib/gcc/arm-none-eabi/4.9.3/../../../../arm-none-eabi/lib/armv7e-m/softfp/crt0.o
LOAD ./CMSIS/EFM32PG1B/startup_efm32pg1b.o
LOAD ./CMSIS/EFM32PG1B/system_efm32pg1b.o
LOAD ./emlib/em_cmu.o
LOAD ./emlib/em_emu.o
LOAD ./emlib/em_gpio.o
LOAD ./emlib/em_i2c.o
LOAD ./emlib/em_system.o
LOAD ./src/display.o
LOAD ./src/i2cspm.o
LOAD ./src/main.o
START GROUP
LOAD /Applications/Simplicity Studio.app/Contents/Eclipse/developer/toolchains/gnu_arm/4.9_2015q3/bin/../lib/gcc/arm-none-eabi/4.9.3/armv7e-m/softfp/libgcc.a
LOAD /Applications/Simplicity Studio.app/Contents/Eclipse/developer/toolchains/gnu_arm/4.9_2015q3/bin/../lib/gcc/arm-none-eabi/4.9.3/../../../../arm-none-eabi/lib/armv7e-m/softfp/libc_nano.a
LOAD /Applications/Simplicity Studio.app/Contents/Eclipse/developer/toolchains/gnu_arm/4.9_2015q3/bin/../lib/gcc/arm-none-eabi/4.9.3/../../../../arm-none-eabi/lib/armv7e-m/softfp/libnosys.a
END GROUP
START GROUP
LOAD /Applications/Simplicity Studio.app/Contents/Eclipse/developer/toolchains/gnu_arm/4.9_2015q3/bin/../lib/gcc/arm-none-eabi/4.9.3/armv7e-m/softfp/libgcc.a
LOAD /Applications/Simplicity Studio.app/Contents/Eclipse/developer/toolchains/gnu_arm/4.9_2015q3/bin/../lib/gcc/arm-none-eabi/4.9.3/../../../../arm-none-eabi/lib/armv7e-m/softfp/libg_nano.a
LOAD /Applications/Simplicity Studio.app/Contents/Eclipse/developer/toolchains/gnu_arm/4.9_2015q3/bin/../lib/gcc/arm-none-eabi/4.9.3/../../../../arm-none-eabi/lib/armv7e-m/softfp/libc_nano.a
END GROUP
START GROUP
LOAD /Applications/Simplicity Studio.app/Contents/Eclipse/developer/toolchains/gnu_arm/4.9_2015q3/bin/../lib/gcc/arm-none-eabi/4.9.3/armv7e-m/softfp/libgcc.a
LOAD /Applications/Simplicity Studio.app/Contents/Eclipse/developer/toolchains/gnu_arm/4.9_2015q3/bin/../lib/gcc/arm-none-eabi/4.9.3/../../../../arm-none-eabi/lib/armv7e-m/softfp/libc_nano.a
END GROUP
LOAD /Applications/Simplicity Studio.app/Contents/Eclipse/developer/toolchains/gnu_arm/4.9_2015q3/bin/../lib/gcc/arm-none-eabi/4.9.3/armv7e-m/softfp/crtend.o
LOAD /Applications/Simplicity Studio.app/Contents/Eclipse/developer/toolchains/gnu_arm/4.9_2015q3/bin/../lib/gcc/arm-none-eabi/4.9.3/armv7e-m/softfp/crtn.o

.text           0x0000000000000000     0x2b30
 *(.vectors)
 .vectors       0x0000000000000000       0xc8 ./CMSIS/EFM32PG1B/startup_efm32pg1b.o
                0x0000000000000000                __Vectors
                0x00000000000000c8                __Vectors_End = .
                0x00000000000000c8                __Vectors_Size = (__Vectors_End - __Vectors)
                0x00000000000000c8                __end__ = .
 *(.text*)
 .text          0x00000000000000c8       0x5c /Applications/Simplicity Studio.app/Contents/Eclipse/developer/toolchains/gnu_arm/4.9_2015q3/bin/../lib/gcc/arm-none-eabi/4.9.3/armv7e-m/softfp/crtbegin.o
 .text          0x0000000000000124       0x74 /Applications/Simplicity Studio.app/Contents/Eclipse/developer/toolchains/gnu_arm/4.9_2015q3/bin/../lib/gcc/arm-none-eabi/4.9.3/../../../../arm-none-eabi/lib/armv7e-m/softfp/crt0.o
                0x0000000000000124                _mainCRTStartup
                0x0000000000000124                _start
 .text          0x0000000000000198       0x30 ./CMSIS/EFM32PG1B/startup_efm32pg1b.o
                0x0000000000000198                Reset_Handler
                0x00000000000001c4                USART0_TX_IRQHandler
                0x00000000000001c4                I2C0_IRQHandler
                0x00000000000001c4                HardFault_Handler
                0x00000000000001c4                SysTick_Handler
                0x00000000000001c4                USART1_RX_IRQHandler
                0x00000000000001c4                PendSV_Handler
                0x00000000000001c4                NMI_Handler
                0x00000000000001c4                WDOG0_IRQHandler
                0x00000000000001c4                USART1_TX_IRQHandler
                0x00000000000001c4                MSC_IRQHandler
                0x00000000000001c4                ADC0_IRQHandler
                0x00000000000001c4                UsageFault_Handler
                0x00000000000001c4                LEUART0_IRQHandler
                0x00000000000001c4                FPUEH_IRQHandler
                0x00000000000001c4                GPIO_EVEN_IRQHandler
                0x00000000000001c4                LDMA_IRQHandler
                0x00000000000001c4                TIMER0_IRQHandler
                0x00000000000001c4                LETIMER0_IRQHandler
                0x00000000000001c4                TIMER1_IRQHandler
                0x00000000000001c4                Default_Handler
                0x00000000000001c4                EMU_IRQHandler
                0x00000000000001c4                CRYOTIMER_IRQHandler
                0x00000000000001c4                PCNT0_IRQHandler
                0x00000000000001c4                ACMP0_IRQHandler
                0x00000000000001c4                USART0_RX_IRQHandler
                0x00000000000001c4                MemManage_Handler
                0x00000000000001c4                SVC_Handler
                0x00000000000001c4                RTCC_IRQHandler
                0x00000000000001c4                CRYPTO_IRQHandler
                0x00000000000001c4                CMU_IRQHandler
                0x00000000000001c4                GPIO_ODD_IRQHandler
                0x00000000000001c4                BusFault_Handler
                0x00000000000001c4                DebugMon_Handler
                0x00000000000001c4                IDAC0_IRQHandler
 .text.SystemCoreClockGet
                0x00000000000001c8       0x44 ./CMSIS/EFM32PG1B/system_efm32pg1b.o
                0x00000000000001c8                SystemCoreClockGet
 .text.SystemMaxCoreClockGet
                0x000000000000020c       0x14 ./CMSIS/EFM32PG1B/system_efm32pg1b.o
                0x000000000000020c                SystemMaxCoreClockGet
 .text.SystemHFClockGet
                0x0000000000000220       0x70 ./CMSIS/EFM32PG1B/system_efm32pg1b.o
                0x0000000000000220                SystemHFClockGet
 .text.SystemHFXOClockGet
                0x0000000000000290       0x18 ./CMSIS/EFM32PG1B/system_efm32pg1b.o
                0x0000000000000290                SystemHFXOClockGet
 .text.SystemInit
                0x00000000000002a8       0x20 ./CMSIS/EFM32PG1B/system_efm32pg1b.o
                0x00000000000002a8                SystemInit
 .text.SystemLFRCOClockGet
                0x00000000000002c8       0x14 ./CMSIS/EFM32PG1B/system_efm32pg1b.o
                0x00000000000002c8                SystemLFRCOClockGet
 .text.SystemULFRCOClockGet
                0x00000000000002dc       0x14 ./CMSIS/EFM32PG1B/system_efm32pg1b.o
                0x00000000000002dc                SystemULFRCOClockGet
 .text.SystemLFXOClockGet
                0x00000000000002f0       0x18 ./CMSIS/EFM32PG1B/system_efm32pg1b.o
                0x00000000000002f0                SystemLFXOClockGet
 .text.BUS_RegBitWrite
                0x0000000000000308       0x2c ./emlib/em_cmu.o
 .text.BUS_RegBitRead
                0x0000000000000334       0x2c ./emlib/em_cmu.o
 .text.CMU_Log2ToDiv
                0x0000000000000360       0x1c ./emlib/em_cmu.o
 .text.setHfLeConfig
                0x000000000000037c       0x64 ./emlib/em_cmu.o
 .text.auxClkGet
                0x00000000000003e0       0x20 ./emlib/em_cmu.o
 .text.hfSrcClkGet
                0x0000000000000400       0x2c ./emlib/em_cmu.o
 .text.dbgClkGet
                0x000000000000042c       0x40 ./emlib/em_cmu.o
 .text.adcAsyncClkGet
                0x000000000000046c       0x80 ./emlib/em_cmu.o
 .text.flashWaitStateControl
                0x00000000000004ec       0x5c ./emlib/em_cmu.o
 .text.flashWaitStateMax
                0x0000000000000548       0x40 ./emlib/em_cmu.o
 .text.CMU_UpdateWaitStates
                0x0000000000000588       0x40 ./emlib/em_cmu.o
                0x0000000000000588                CMU_UpdateWaitStates
 .text.getRegIshUpperVal
                0x00000000000005c8       0x38 ./emlib/em_cmu.o
 .text.getHfxoTuningMode
                0x0000000000000600       0x1c ./emlib/em_cmu.o
 .text.setHfxoTuningMode
                0x000000000000061c       0x28 ./emlib/em_cmu.o
 .text.lfClkGet
                0x0000000000000644       0xf4 ./emlib/em_cmu.o
 .text.syncReg  0x0000000000000738       0x38 ./emlib/em_cmu.o
 .text.CMU_ClockEnable
                0x0000000000000770       0xcc ./emlib/em_cmu.o
                0x0000000000000770                CMU_ClockEnable
 .text.CMU_ClockFreqGet
                0x000000000000083c      0x198 ./emlib/em_cmu.o
                0x000000000000083c                CMU_ClockFreqGet
 .text.CMU_ClockSelectGet
                0x00000000000009d4      0x19c ./emlib/em_cmu.o
                0x00000000000009d4                CMU_ClockSelectGet
 .text.CMU_ClockSelectSet
                0x0000000000000b70      0x260 ./emlib/em_cmu.o
                0x0000000000000b70                CMU_ClockSelectSet
 .text.CMU_HFXOInit
                0x0000000000000dd0       0xf4 ./emlib/em_cmu.o
                0x0000000000000dd0                CMU_HFXOInit
 .text.CMU_OscillatorEnable
                0x0000000000000ec4      0x174 ./emlib/em_cmu.o
                0x0000000000000ec4                CMU_OscillatorEnable
 .text.CMU_OscillatorTuningGet
                0x0000000000001038       0x74 ./emlib/em_cmu.o
                0x0000000000001038                CMU_OscillatorTuningGet
 .text.CMU_OscillatorTuningSet
                0x00000000000010ac      0x100 ./emlib/em_cmu.o
                0x00000000000010ac                CMU_OscillatorTuningSet
 .text.CMU_OscillatorTuningWait
                0x00000000000011ac       0x94 ./emlib/em_cmu.o
                0x00000000000011ac                CMU_OscillatorTuningWait
 .text.CMU_OscillatorTuningOptimize
                0x0000000000001240       0x58 ./emlib/em_cmu.o
                0x0000000000001240                CMU_OscillatorTuningOptimize
 .text.BUS_RegBitWrite
                0x0000000000001298       0x2c ./emlib/em_emu.o
 .text.BUS_RegBitRead
                0x00000000000012c4       0x2c ./emlib/em_emu.o
 .text.SYSTEM_GetDevinfoRev
                0x00000000000012f0       0x18 ./emlib/em_emu.o
 .text.dcdcConstCalibrationLoad
                0x0000000000001308       0xc4 ./emlib/em_emu.o
 .text.dcdcValidatedConfigSet
                0x00000000000013cc       0xb0 ./emlib/em_emu.o
 .text.currentLimitersUpdate
                0x000000000000147c       0xe4 ./emlib/em_emu.o
 .text.userCurrentLimitsSet
                0x0000000000001560       0x2c ./emlib/em_emu.o
 .text.compCtrlSet
                0x000000000000158c       0x3c ./emlib/em_emu.o
 .text.lpCmpHystCalibrationLoad
                0x00000000000015c8       0xd0 ./emlib/em_emu.o
 .text.lpGetDevinfoVrefLowHigh
                0x0000000000001698      0x164 ./emlib/em_emu.o
 .text.EMU_DCDCModeSet
                0x00000000000017fc       0xb8 ./emlib/em_emu.o
                0x00000000000017fc                EMU_DCDCModeSet
 .text.EMU_DCDCInit
                0x00000000000018b4      0x114 ./emlib/em_emu.o
                0x00000000000018b4                EMU_DCDCInit
 .text.EMU_DCDCOutputVoltageSet
                0x00000000000019c8      0x20c ./emlib/em_emu.o
                0x00000000000019c8                EMU_DCDCOutputVoltageSet
 .text.EMU_DCDCOptimizeSlice
                0x0000000000001bd4       0xd8 ./emlib/em_emu.o
                0x0000000000001bd4                EMU_DCDCOptimizeSlice
 .text.EMU_DCDCLnRcoBandSet
                0x0000000000001cac       0x54 ./emlib/em_emu.o
                0x0000000000001cac                EMU_DCDCLnRcoBandSet
 .text.BUS_RegMaskedSet
                0x0000000000001d00       0x24 ./emlib/em_gpio.o
 .text.BUS_RegMaskedClear
                0x0000000000001d24       0x24 ./emlib/em_gpio.o
 .text.GPIO_PinOutClear
                0x0000000000001d48       0x58 ./emlib/em_gpio.o
 .text.GPIO_PinOutSet
                0x0000000000001da0       0x58 ./emlib/em_gpio.o
 .text.GPIO_PinModeSet
                0x0000000000001df8      0x10c ./emlib/em_gpio.o
                0x0000000000001df8                GPIO_PinModeSet
 .text.BUS_RegBitWrite
                0x0000000000001f04       0x2c ./emlib/em_i2c.o
 .text.BUS_RegMaskedSet
                0x0000000000001f30       0x24 ./emlib/em_i2c.o
 .text.BUS_RegMaskedClear
                0x0000000000001f54       0x24 ./emlib/em_i2c.o
 .text.BUS_RegMaskedWrite
                0x0000000000001f78       0x24 ./emlib/em_i2c.o
 .text.I2C_BusFreqSet
                0x0000000000001f9c       0xf8 ./emlib/em_i2c.o
                0x0000000000001f9c                I2C_BusFreqSet
 .text.I2C_Init
                0x0000000000002094       0x5c ./emlib/em_i2c.o
                0x0000000000002094                I2C_Init
 .text.I2C_Transfer
                0x00000000000020f0      0x420 ./emlib/em_i2c.o
                0x00000000000020f0                I2C_Transfer
 .text.I2C_TransferInit
                0x0000000000002510       0xc0 ./emlib/em_i2c.o
                0x0000000000002510                I2C_TransferInit
 .text.SYSTEM_ChipRevisionGet
                0x00000000000025d0       0x78 ./emlib/em_system.o
                0x00000000000025d0                SYSTEM_ChipRevisionGet
 .text.BUS_RegMaskedSet
                0x0000000000002648       0x24 ./src/i2cspm.o
 .text.BUS_RegMaskedClear
                0x000000000000266c       0x24 ./src/i2cspm.o
 .text.GPIO_PinOutClear
                0x0000000000002690       0x58 ./src/i2cspm.o
 .text.GPIO_PinOutSet
                0x00000000000026e8       0x58 ./src/i2cspm.o
 .text.I2CSPM_Init
                0x0000000000002740       0xd8 ./src/i2cspm.o
                0x0000000000002740                I2CSPM_Init
 .text.I2CSPM_Transfer
                0x0000000000002818       0x48 ./src/i2cspm.o
                0x0000000000002818                I2CSPM_Transfer
 .text.SYSTEM_GetProdRev
                0x0000000000002860       0x1c ./src/main.o
 .text.CHIP_Init
                0x000000000000287c       0xa8 ./src/main.o
 .text.ssd1306_Detect
                0x0000000000002924       0x5c ./src/main.o
                0x0000000000002924                ssd1306_Detect
 .text.main     0x0000000000002980       0xb4 ./src/main.o
                0x0000000000002980                main
 .text.gpioSetup
                0x0000000000002a34       0x14 ./src/main.o
 .text.exit     0x0000000000002a48       0x28 /Applications/Simplicity Studio.app/Contents/Eclipse/developer/toolchains/gnu_arm/4.9_2015q3/bin/../lib/gcc/arm-none-eabi/4.9.3/../../../../arm-none-eabi/lib/armv7e-m/softfp/libc_nano.a(lib_a-exit.o)
                0x0000000000002a48                exit
 .text.__libc_init_array
                0x0000000000002a70       0x4c /Applications/Simplicity Studio.app/Contents/Eclipse/developer/toolchains/gnu_arm/4.9_2015q3/bin/../lib/gcc/arm-none-eabi/4.9.3/../../../../arm-none-eabi/lib/armv7e-m/softfp/libc_nano.a(lib_a-init.o)
                0x0000000000002a70                __libc_init_array
 .text.memset   0x0000000000002abc       0x10 /Applications/Simplicity Studio.app/Contents/Eclipse/developer/toolchains/gnu_arm/4.9_2015q3/bin/../lib/gcc/arm-none-eabi/4.9.3/../../../../arm-none-eabi/lib/armv7e-m/softfp/libc_nano.a(lib_a-memset.o)
                0x0000000000002abc                memset
 .text._exit    0x0000000000002acc        0x4 /Applications/Simplicity Studio.app/Contents/Eclipse/developer/toolchains/gnu_arm/4.9_2015q3/bin/../lib/gcc/arm-none-eabi/4.9.3/../../../../arm-none-eabi/lib/armv7e-m/softfp/libnosys.a(_exit.o)
                0x0000000000002acc                _exit
 *(.init)
 .init          0x0000000000002ad0        0x4 /Applications/Simplicity Studio.app/Contents/Eclipse/developer/toolchains/gnu_arm/4.9_2015q3/bin/../lib/gcc/arm-none-eabi/4.9.3/armv7e-m/softfp/crti.o
                0x0000000000002ad0                _init
 .init          0x0000000000002ad4        0x8 /Applications/Simplicity Studio.app/Contents/Eclipse/developer/toolchains/gnu_arm/4.9_2015q3/bin/../lib/gcc/arm-none-eabi/4.9.3/armv7e-m/softfp/crtn.o
 *(.fini)
 .fini          0x0000000000002adc        0x4 /Applications/Simplicity Studio.app/Contents/Eclipse/developer/toolchains/gnu_arm/4.9_2015q3/bin/../lib/gcc/arm-none-eabi/4.9.3/armv7e-m/softfp/crti.o
                0x0000000000002adc                _fini
 .fini          0x0000000000002ae0        0x8 /Applications/Simplicity Studio.app/Contents/Eclipse/developer/toolchains/gnu_arm/4.9_2015q3/bin/../lib/gcc/arm-none-eabi/4.9.3/armv7e-m/softfp/crtn.o
 *crtbegin.o(.ctors)
 *crtbegin?.o(.ctors)
 *(EXCLUDE_FILE(*crtend.o *crtend?.o) .ctors)
 *(SORT(.ctors.*))
 *(.ctors)
 *crtbegin.o(.dtors)
 *crtbegin?.o(.dtors)
 *(EXCLUDE_FILE(*crtend.o *crtend?.o) .dtors)
 *(SORT(.dtors.*))
 *(.dtors)
 *(.rodata*)
 .rodata.i2cNSum
                0x0000000000002ae8        0x4 ./emlib/em_i2c.o
 .rodata        0x0000000000002aec       0x3a ./src/main.o
 .rodata.str1.1
                0x0000000000002b26        0x2 /Applications/Simplicity Studio.app/Contents/Eclipse/developer/toolchains/gnu_arm/4.9_2015q3/bin/../lib/gcc/arm-none-eabi/4.9.3/../../../../arm-none-eabi/lib/armv7e-m/softfp/libc_nano.a(lib_a-impure.o)
 .rodata._global_impure_ptr
                0x0000000000002b28        0x4 /Applications/Simplicity Studio.app/Contents/Eclipse/developer/toolchains/gnu_arm/4.9_2015q3/bin/../lib/gcc/arm-none-eabi/4.9.3/../../../../arm-none-eabi/lib/armv7e-m/softfp/libc_nano.a(lib_a-impure.o)
                0x0000000000002b28                _global_impure_ptr
 *(.eh_frame*)
 .eh_frame      0x0000000000002b2c        0x0 /Applications/Simplicity Studio.app/Contents/Eclipse/developer/toolchains/gnu_arm/4.9_2015q3/bin/../lib/gcc/arm-none-eabi/4.9.3/armv7e-m/softfp/crtbegin.o
 .eh_frame      0x0000000000002b2c        0x4 /Applications/Simplicity Studio.app/Contents/Eclipse/developer/toolchains/gnu_arm/4.9_2015q3/bin/../lib/gcc/arm-none-eabi/4.9.3/armv7e-m/softfp/crtend.o

.glue_7         0x0000000000002b30        0x0
 .glue_7        0x0000000000000000        0x0 linker stubs

.glue_7t        0x0000000000002b30        0x0
 .glue_7t       0x0000000000000000        0x0 linker stubs

.vfp11_veneer   0x0000000000002b30        0x0
 .vfp11_veneer  0x0000000000000000        0x0 linker stubs

.v4_bx          0x0000000000002b30        0x0
 .v4_bx         0x0000000000000000        0x0 linker stubs

.iplt           0x0000000000002b30        0x0
 .iplt          0x0000000000000000        0x0 /Applications/Simplicity Studio.app/Contents/Eclipse/developer/toolchains/gnu_arm/4.9_2015q3/bin/../lib/gcc/arm-none-eabi/4.9.3/armv7e-m/softfp/crtbegin.o

.ARM.extab
 *(.ARM.extab* .gnu.linkonce.armextab.*)
                0x0000000000002b30                __exidx_start = .

.ARM.exidx      0x0000000000002b30        0x8
 *(.ARM.exidx* .gnu.linkonce.armexidx.*)
 .ARM.exidx     0x0000000000002b30        0x8 /Applications/Simplicity Studio.app/Contents/Eclipse/developer/toolchains/gnu_arm/4.9_2015q3/bin/../lib/gcc/arm-none-eabi/4.9.3/../../../../arm-none-eabi/lib/armv7e-m/softfp/crt0.o
                0x0000000000002b38                __exidx_end = .
                0x0000000000002b38                __etext = .

.rel.dyn        0x0000000000002b38        0x0
 .rel.iplt      0x0000000000000000        0x0 /Applications/Simplicity Studio.app/Contents/Eclipse/developer/toolchains/gnu_arm/4.9_2015q3/bin/../lib/gcc/arm-none-eabi/4.9.3/armv7e-m/softfp/crtbegin.o

.data           0x0000000020000000       0x80 load address 0x0000000000002b38
                0x0000000020000000                __data_start__ = .
 *(vtable)
 *(.data*)
 .data.SystemHFXOClock
                0x0000000020000000        0x4 ./CMSIS/EFM32PG1B/system_efm32pg1b.o
 .data.SystemLFXOClock
                0x0000000020000004        0x4 ./CMSIS/EFM32PG1B/system_efm32pg1b.o
 .data.SystemCoreClock
                0x0000000020000008        0x4 ./CMSIS/EFM32PG1B/system_efm32pg1b.o
                0x0000000020000008                SystemCoreClock
 .data.SystemHfrcoFreq
                0x000000002000000c        0x4 ./CMSIS/EFM32PG1B/system_efm32pg1b.o
                0x000000002000000c                SystemHfrcoFreq
 .data.auxHfrcoFreq
                0x0000000020000010        0x4 ./emlib/em_cmu.o
 .data.impure_data
                0x0000000020000014       0x60 /Applications/Simplicity Studio.app/Contents/Eclipse/developer/toolchains/gnu_arm/4.9_2015q3/bin/../lib/gcc/arm-none-eabi/4.9.3/../../../../arm-none-eabi/lib/armv7e-m/softfp/libc_nano.a(lib_a-impure.o)
                0x0000000020000074                . = ALIGN (0x4)
 *(.ram)
                0x0000000020000074                . = ALIGN (0x4)
                0x0000000020000074                PROVIDE (__preinit_array_start, .)
 *(.preinit_array)
                0x0000000020000074                PROVIDE (__preinit_array_end, .)
                0x0000000020000074                . = ALIGN (0x4)
                0x0000000020000074                PROVIDE (__init_array_start, .)
 *(SORT(.init_array.*))
 *(.init_array)
 .init_array    0x0000000020000074        0x4 /Applications/Simplicity Studio.app/Contents/Eclipse/developer/toolchains/gnu_arm/4.9_2015q3/bin/../lib/gcc/arm-none-eabi/4.9.3/armv7e-m/softfp/crtbegin.o
                0x0000000020000078                PROVIDE (__init_array_end, .)
                0x0000000020000078                . = ALIGN (0x4)
                0x0000000020000078                PROVIDE (__fini_array_start, .)
 *(SORT(.fini_array.*))
 *(.fini_array)
 .fini_array    0x0000000020000078        0x4 /Applications/Simplicity Studio.app/Contents/Eclipse/developer/toolchains/gnu_arm/4.9_2015q3/bin/../lib/gcc/arm-none-eabi/4.9.3/armv7e-m/softfp/crtbegin.o
                0x000000002000007c                PROVIDE (__fini_array_end, .)
 *(.jcr*)
 .jcr           0x000000002000007c        0x0 /Applications/Simplicity Studio.app/Contents/Eclipse/developer/toolchains/gnu_arm/4.9_2015q3/bin/../lib/gcc/arm-none-eabi/4.9.3/armv7e-m/softfp/crtbegin.o
 .jcr           0x000000002000007c        0x4 /Applications/Simplicity Studio.app/Contents/Eclipse/developer/toolchains/gnu_arm/4.9_2015q3/bin/../lib/gcc/arm-none-eabi/4.9.3/armv7e-m/softfp/crtend.o
                0x0000000020000080                . = ALIGN (0x4)
                0x0000000020000080                __data_end__ = .

.igot.plt       0x0000000020000080        0x0 load address 0x0000000000002bb8
 .igot.plt      0x0000000000000000        0x0 /Applications/Simplicity Studio.app/Contents/Eclipse/developer/toolchains/gnu_arm/4.9_2015q3/bin/../lib/gcc/arm-none-eabi/4.9.3/armv7e-m/softfp/crtbegin.o

.bss            0x0000000020000080       0x30 load address 0x0000000000002bb8
                0x0000000020000080                . = ALIGN (0x4)
                0x0000000020000080                __bss_start__ = .
 *(.bss*)
 .bss           0x0000000020000080       0x1c /Applications/Simplicity Studio.app/Contents/Eclipse/developer/toolchains/gnu_arm/4.9_2015q3/bin/../lib/gcc/arm-none-eabi/4.9.3/armv7e-m/softfp/crtbegin.o
 .bss.errataFixDcdcHsState
                0x000000002000009c        0x1 ./emlib/em_emu.o
 *fill*         0x000000002000009d        0x1 
 .bss.dcdcMaxCurrent_mA
                0x000000002000009e        0x2 ./emlib/em_emu.o
 .bss.dcdcEm01LoadCurrent_mA
                0x00000000200000a0        0x2 ./emlib/em_emu.o
 .bss.dcdcReverseCurrentControl
                0x00000000200000a2        0x2 ./emlib/em_emu.o
 .bss.i2cTransfer
                0x00000000200000a4        0xc ./emlib/em_i2c.o
 *(COMMON)
                0x00000000200000b0                . = ALIGN (0x4)
                0x00000000200000b0                __bss_end__ = .

.heap           0x00000000200000b0      0xc00
                0x00000000200000b0                __HeapBase = .
                0x00000000200000b0                __end__ = .
                0x00000000200000b0                end = __end__
                0x00000000200000b0                _end = __end__
 *(.heap*)
 .heap          0x00000000200000b0      0xc00 ./CMSIS/EFM32PG1B/startup_efm32pg1b.o
                0x0000000020000cb0                __HeapLimit = .

.stack_dummy    0x00000000200000b0      0x400
 *(.stack*)
 .stack         0x00000000200000b0      0x400 ./CMSIS/EFM32PG1B/startup_efm32pg1b.o
                0x0000000020008000                __StackTop = (ORIGIN (RAM) + 0x8000)
                0x0000000020007c00                __StackLimit = (__StackTop - SIZEOF (.stack_dummy))
                0x0000000020008000                PROVIDE (__stack, __StackTop)
                0x0000000000000001                ASSERT ((__StackLimit >= __HeapLimit), region RAM overflowed with stack)
                0x0000000000000001                ASSERT ((0x40000 >= (__etext + SIZEOF (.data))), FLASH memory overflowed !)
OUTPUT(i2c_display.axf elf32-littlearm)

.ARM.attributes
                0x0000000000000000       0x2e
 .ARM.attributes
                0x0000000000000000       0x22 /Applications/Simplicity Studio.app/Contents/Eclipse/developer/toolchains/gnu_arm/4.9_2015q3/bin/../lib/gcc/arm-none-eabi/4.9.3/armv7e-m/softfp/crti.o
 .ARM.attributes
                0x0000000000000022       0x32 /Applications/Simplicity Studio.app/Contents/Eclipse/developer/toolchains/gnu_arm/4.9_2015q3/bin/../lib/gcc/arm-none-eabi/4.9.3/armv7e-m/softfp/crtbegin.o
 .ARM.attributes
                0x0000000000000054       0x20 /Applications/Simplicity Studio.app/Contents/Eclipse/developer/toolchains/gnu_arm/4.9_2015q3/bin/../lib/gcc/arm-none-eabi/4.9.3/../../../../arm-none-eabi/lib/armv7e-m/softfp/crt0.o
 .ARM.attributes
                0x0000000000000074       0x1f ./CMSIS/EFM32PG1B/startup_efm32pg1b.o
 .ARM.attributes
                0x0000000000000093       0x37 ./CMSIS/EFM32PG1B/system_efm32pg1b.o
 .ARM.attributes
                0x00000000000000ca       0x37 ./emlib/em_cmu.o
 .ARM.attributes
                0x0000000000000101       0x37 ./emlib/em_emu.o
 .ARM.attributes
                0x0000000000000138       0x37 ./emlib/em_gpio.o
 .ARM.attributes
                0x000000000000016f       0x37 ./emlib/em_i2c.o
 .ARM.attributes
                0x00000000000001a6       0x37 ./emlib/em_system.o
 .ARM.attributes
                0x00000000000001dd       0x37 ./src/i2cspm.o
 .ARM.attributes
                0x0000000000000214       0x37 ./src/main.o
 .ARM.attributes
                0x000000000000024b       0x32 /Applications/Simplicity Studio.app/Contents/Eclipse/developer/toolchains/gnu_arm/4.9_2015q3/bin/../lib/gcc/arm-none-eabi/4.9.3/../../../../arm-none-eabi/lib/armv7e-m/softfp/libc_nano.a(lib_a-exit.o)
 .ARM.attributes
                0x000000000000027d       0x32 /Applications/Simplicity Studio.app/Contents/Eclipse/developer/toolchains/gnu_arm/4.9_2015q3/bin/../lib/gcc/arm-none-eabi/4.9.3/../../../../arm-none-eabi/lib/armv7e-m/softfp/libc_nano.a(lib_a-impure.o)
 .ARM.attributes
                0x00000000000002af       0x32 /Applications/Simplicity Studio.app/Contents/Eclipse/developer/toolchains/gnu_arm/4.9_2015q3/bin/../lib/gcc/arm-none-eabi/4.9.3/../../../../arm-none-eabi/lib/armv7e-m/softfp/libc_nano.a(lib_a-init.o)
 .ARM.attributes
                0x00000000000002e1       0x32 /Applications/Simplicity Studio.app/Contents/Eclipse/developer/toolchains/gnu_arm/4.9_2015q3/bin/../lib/gcc/arm-none-eabi/4.9.3/../../../../arm-none-eabi/lib/armv7e-m/softfp/libc_nano.a(lib_a-memset.o)
 .ARM.attributes
                0x0000000000000313       0x32 /Applications/Simplicity Studio.app/Contents/Eclipse/developer/toolchains/gnu_arm/4.9_2015q3/bin/../lib/gcc/arm-none-eabi/4.9.3/../../../../arm-none-eabi/lib/armv7e-m/softfp/libnosys.a(_exit.o)
 .ARM.attributes
                0x0000000000000345       0x32 /Applications/Simplicity Studio.app/Contents/Eclipse/developer/toolchains/gnu_arm/4.9_2015q3/bin/../lib/gcc/arm-none-eabi/4.9.3/armv7e-m/softfp/crtend.o
 .ARM.attributes
                0x0000000000000377       0x22 /Applications/Simplicity Studio.app/Contents/Eclipse/developer/toolchains/gnu_arm/4.9_2015q3/bin/../lib/gcc/arm-none-eabi/4.9.3/armv7e-m/softfp/crtn.o

.comment        0x0000000000000000       0x70
 .comment       0x0000000000000000       0x70 ./CMSIS/EFM32PG1B/system_efm32pg1b.o
                                         0x71 (size before relaxing)
 .comment       0x0000000000000000       0x71 ./emlib/em_cmu.o
 .comment       0x0000000000000000       0x71 ./emlib/em_emu.o
 .comment       0x0000000000000000       0x71 ./emlib/em_gpio.o
 .comment       0x0000000000000000       0x71 ./emlib/em_i2c.o
 .comment       0x0000000000000000       0x71 ./emlib/em_system.o
 .comment       0x0000000000000000       0x71 ./src/i2cspm.o
 .comment       0x0000000000000000       0x71 ./src/main.o

.debug_line     0x0000000000000000     0x34a7
 .debug_line    0x0000000000000000       0xe9 ./CMSIS/EFM32PG1B/startup_efm32pg1b.o
 .debug_line    0x00000000000000e9      0x3ad ./CMSIS/EFM32PG1B/system_efm32pg1b.o
 .debug_line    0x0000000000000496      0xbed ./emlib/em_cmu.o
 .debug_line    0x0000000000001083      0xcae ./emlib/em_emu.o
 .debug_line    0x0000000000001d31      0x594 ./emlib/em_gpio.o
 .debug_line    0x00000000000022c5      0x535 ./emlib/em_i2c.o
 .debug_line    0x00000000000027fa      0x383 ./emlib/em_system.o
 .debug_line    0x0000000000002b7d      0x494 ./src/i2cspm.o
 .debug_line    0x0000000000003011      0x496 ./src/main.o

.debug_info     0x0000000000000000     0x7690
 .debug_info    0x0000000000000000      0x115 ./CMSIS/EFM32PG1B/startup_efm32pg1b.o
 .debug_info    0x0000000000000115      0x86d ./CMSIS/EFM32PG1B/system_efm32pg1b.o
 .debug_info    0x0000000000000982     0x1ba0 ./emlib/em_cmu.o
 .debug_info    0x0000000000002522     0x1f2d ./emlib/em_emu.o
 .debug_info    0x000000000000444f      0xa01 ./emlib/em_gpio.o
 .debug_info    0x0000000000004e50      0x8d3 ./emlib/em_i2c.o
 .debug_info    0x0000000000005723      0x272 ./emlib/em_system.o
 .debug_info    0x0000000000005995      0x98f ./src/i2cspm.o
 .debug_info    0x0000000000006324     0x136c ./src/main.o

.debug_abbrev   0x0000000000000000     0x101e
 .debug_abbrev  0x0000000000000000       0x14 ./CMSIS/EFM32PG1B/startup_efm32pg1b.o
 .debug_abbrev  0x0000000000000014      0x1a7 ./CMSIS/EFM32PG1B/system_efm32pg1b.o
 .debug_abbrev  0x00000000000001bb      0x2c6 ./emlib/em_cmu.o
 .debug_abbrev  0x0000000000000481      0x2ff ./emlib/em_emu.o
 .debug_abbrev  0x0000000000000780      0x1d8 ./emlib/em_gpio.o
 .debug_abbrev  0x0000000000000958      0x257 ./emlib/em_i2c.o
 .debug_abbrev  0x0000000000000baf      0x107 ./emlib/em_system.o
 .debug_abbrev  0x0000000000000cb6      0x1c4 ./src/i2cspm.o
 .debug_abbrev  0x0000000000000e7a      0x1a4 ./src/main.o

.debug_aranges  0x0000000000000000      0x550
 .debug_aranges
                0x0000000000000000       0x20 ./CMSIS/EFM32PG1B/startup_efm32pg1b.o
 .debug_aranges
                0x0000000000000020       0x68 ./CMSIS/EFM32PG1B/system_efm32pg1b.o
 .debug_aranges
                0x0000000000000088      0x1a8 ./emlib/em_cmu.o
 .debug_aranges
                0x0000000000000230      0x178 ./emlib/em_emu.o
 .debug_aranges
                0x00000000000003a8       0x88 ./emlib/em_gpio.o
 .debug_aranges
                0x0000000000000430       0x70 ./emlib/em_i2c.o
 .debug_aranges
                0x00000000000004a0       0x28 ./emlib/em_system.o
 .debug_aranges
                0x00000000000004c8       0x48 ./src/i2cspm.o
 .debug_aranges
                0x0000000000000510       0x40 ./src/main.o

.debug_loc      0x0000000000000000     0x2cb8
 .debug_loc     0x0000000000000000      0x2e4 ./CMSIS/EFM32PG1B/system_efm32pg1b.o
 .debug_loc     0x00000000000002e4     0x1024 ./emlib/em_cmu.o
 .debug_loc     0x0000000000001308      0xd56 ./emlib/em_emu.o
 .debug_loc     0x000000000000205e      0x4b4 ./emlib/em_gpio.o
 .debug_loc     0x0000000000002512      0x3ac ./emlib/em_i2c.o
 .debug_loc     0x00000000000028be       0xb8 ./emlib/em_system.o
 .debug_loc     0x0000000000002976      0x1f8 ./src/i2cspm.o
 .debug_loc     0x0000000000002b6e      0x14a ./src/main.o

.debug_ranges   0x0000000000000000      0x4b0
 .debug_ranges  0x0000000000000000       0x58 ./CMSIS/EFM32PG1B/system_efm32pg1b.o
 .debug_ranges  0x0000000000000058      0x198 ./emlib/em_cmu.o
 .debug_ranges  0x00000000000001f0      0x168 ./emlib/em_emu.o
 .debug_ranges  0x0000000000000358       0x78 ./emlib/em_gpio.o
 .debug_ranges  0x00000000000003d0       0x60 ./emlib/em_i2c.o
 .debug_ranges  0x0000000000000430       0x18 ./emlib/em_system.o
 .debug_ranges  0x0000000000000448       0x38 ./src/i2cspm.o
 .debug_ranges  0x0000000000000480       0x30 ./src/main.o

.debug_str      0x0000000000000000     0x2e72
 .debug_str     0x0000000000000000      0x5f5 ./CMSIS/EFM32PG1B/system_efm32pg1b.o
                                        0x667 (size before relaxing)
 .debug_str     0x00000000000005f5      0xf0e ./emlib/em_cmu.o
                                       0x13ff (size before relaxing)
 .debug_str     0x0000000000001503      0xdeb ./emlib/em_emu.o
                                       0x17bd (size before relaxing)
 .debug_str     0x00000000000022ee      0x493 ./emlib/em_gpio.o
                                        0x84e (size before relaxing)
 .debug_str     0x0000000000002781      0x3c7 ./emlib/em_i2c.o
                                        0x806 (size before relaxing)
 .debug_str     0x0000000000002b48      0x11e ./emlib/em_system.o
                                        0x31b (size before relaxing)
 .debug_str     0x0000000000002c66      0x11b ./src/i2cspm.o
                                        0x97c (size before relaxing)
 .debug_str     0x0000000000002d81       0xf1 ./src/main.o
                                       0x1094 (size before relaxing)

.debug_frame    0x0000000000000000     0x1564
 .debug_frame   0x0000000000000000      0x164 ./CMSIS/EFM32PG1B/system_efm32pg1b.o
 .debug_frame   0x0000000000000164      0x754 ./emlib/em_cmu.o
 .debug_frame   0x00000000000008b8      0x638 ./emlib/em_emu.o
 .debug_frame   0x0000000000000ef0      0x228 ./emlib/em_gpio.o
 .debug_frame   0x0000000000001118      0x1b0 ./emlib/em_i2c.o
 .debug_frame   0x00000000000012c8       0x60 ./emlib/em_system.o
 .debug_frame   0x0000000000001328       0xf0 ./src/i2cspm.o
 .debug_frame   0x0000000000001418       0xb8 ./src/main.o
 .debug_frame   0x00000000000014d0       0x28 /Applications/Simplicity Studio.app/Contents/Eclipse/developer/toolchains/gnu_arm/4.9_2015q3/bin/../lib/gcc/arm-none-eabi/4.9.3/../../../../arm-none-eabi/lib/armv7e-m/softfp/libc_nano.a(lib_a-exit.o)
 .debug_frame   0x00000000000014f8       0x2c /Applications/Simplicity Studio.app/Contents/Eclipse/developer/toolchains/gnu_arm/4.9_2015q3/bin/../lib/gcc/arm-none-eabi/4.9.3/../../../../arm-none-eabi/lib/armv7e-m/softfp/libc_nano.a(lib_a-init.o)
 .debug_frame   0x0000000000001524       0x20 /Applications/Simplicity Studio.app/Contents/Eclipse/developer/toolchains/gnu_arm/4.9_2015q3/bin/../lib/gcc/arm-none-eabi/4.9.3/../../../../arm-none-eabi/lib/armv7e-m/softfp/libc_nano.a(lib_a-memset.o)
 .debug_frame   0x0000000000001544       0x20 /Applications/Simplicity Studio.app/Contents/Eclipse/developer/toolchains/gnu_arm/4.9_2015q3/bin/../lib/gcc/arm-none-eabi/4.9.3/../../../../arm-none-eabi/lib/armv7e-m/softfp/libnosys.a(_exit.o)
